Archive member included to satisfy reference by file (symbol)

C:\Users\Gaston\Documents\MCUXpressoIDE_11.8.0_1165\workspace_With_Drivers\CMSISv2p00_LPC17xx\Debug\libCMSISv2p00_LPC17xx.a(system_LPC17xx.o)
                              ./src/cr_startup_lpc175x_6x.o (SystemInit)
C:\Users\Gaston\Documents\MCUXpressoIDE_11.8.0_1165\workspace_With_Drivers\CMSISv2p00_LPC17xx\Debug\libCMSISv2p00_LPC17xx.a(lpc17xx_clkpwr.o)
                              ./src/main.o (CLKPWR_SetPCLKDiv)
C:\Users\Gaston\Documents\MCUXpressoIDE_11.8.0_1165\workspace_With_Drivers\CMSISv2p00_LPC17xx\Debug\libCMSISv2p00_LPC17xx.a(lpc17xx_dac.o)
                              ./src/main.o (DAC_Init)
C:\Users\Gaston\Documents\MCUXpressoIDE_11.8.0_1165\workspace_With_Drivers\CMSISv2p00_LPC17xx\Debug\libCMSISv2p00_LPC17xx.a(lpc17xx_gpdma.o)
                              ./src/main.o (GPDMA_Init)
C:\Users\Gaston\Documents\MCUXpressoIDE_11.8.0_1165\workspace_With_Drivers\CMSISv2p00_LPC17xx\Debug\libCMSISv2p00_LPC17xx.a(lpc17xx_libcfg_default.o)
                              C:\Users\Gaston\Documents\MCUXpressoIDE_11.8.0_1165\workspace_With_Drivers\CMSISv2p00_LPC17xx\Debug\libCMSISv2p00_LPC17xx.a(lpc17xx_dac.o) (check_failed)
C:\Users\Gaston\Documents\MCUXpressoIDE_11.8.0_1165\workspace_With_Drivers\CMSISv2p00_LPC17xx\Debug\libCMSISv2p00_LPC17xx.a(lpc17xx_pinsel.o)
                              ./src/main.o (PINSEL_ConfigPin)
C:\Users\Gaston\Documents\MCUXpressoIDE_11.8.0_1165\workspace_With_Drivers\CMSISv2p00_LPC17xx\Debug\libCMSISv2p00_LPC17xx.a(lpc17xx_timer.o)
                              ./src/main.o (TIM_ClearIntPending)
C:\Users\Gaston\Documents\MCUXpressoIDE_11.8.0_1165\workspace_With_Drivers\CMSISv2p00_LPC17xx\Debug\libCMSISv2p00_LPC17xx.a(lpc17xx_uart.o)
                              ./src/main.o (UART_Init)
c:/nxp/mcuxpressoide_11.8.0_1165/ide/plugins/com.nxp.mcuxpresso.tools.win32_11.8.0.202306131047/tools/bin/../lib/gcc/arm-none-eabi/12.2.1/../../../../arm-none-eabi/lib/thumb/v7-m/nofp\libcr_c.a(__weak__main.o)
                              ./src/cr_startup_lpc175x_6x.o (__main)
c:/nxp/mcuxpressoide_11.8.0_1165/ide/plugins/com.nxp.mcuxpresso.tools.win32_11.8.0.202306131047/tools/bin/../lib/gcc/arm-none-eabi/12.2.1/thumb/v7-m/nofp\libcr_eabihelpers.a(division_64.o)
                              C:\Users\Gaston\Documents\MCUXpressoIDE_11.8.0_1165\workspace_With_Drivers\CMSISv2p00_LPC17xx\Debug\libCMSISv2p00_LPC17xx.a(system_LPC17xx.o) (__aeabi_ldivmod)
c:/nxp/mcuxpressoide_11.8.0_1165/ide/plugins/com.nxp.mcuxpresso.tools.win32_11.8.0.202306131047/tools/bin/../lib/gcc/arm-none-eabi/12.2.1/thumb/v7-m/nofp\libcr_eabihelpers.a(division_idiv0.o)
                              c:/nxp/mcuxpressoide_11.8.0_1165/ide/plugins/com.nxp.mcuxpresso.tools.win32_11.8.0.202306131047/tools/bin/../lib/gcc/arm-none-eabi/12.2.1/thumb/v7-m/nofp\libcr_eabihelpers.a(division_64.o) (__aeabi_idiv0)
c:/nxp/mcuxpressoide_11.8.0_1165/ide/plugins/com.nxp.mcuxpresso.tools.win32_11.8.0.202306131047/tools/bin/../lib/gcc/arm-none-eabi/12.2.1/thumb/v7-m/nofp\libcr_eabihelpers.a(double.o)
                              ./src/main.o (__aeabi_dmul)
c:/nxp/mcuxpressoide_11.8.0_1165/ide/plugins/com.nxp.mcuxpresso.tools.win32_11.8.0.202306131047/tools/bin/../lib/gcc/arm-none-eabi/12.2.1/thumb/v7-m/nofp\libcr_eabihelpers.a(float.o)
                              ./src/main.o (__aeabi_f2uiz)

Discarded input sections

 .group         0x00000000        0xc ./src/LCD.o
 .group         0x00000000        0xc ./src/LCD.o
 .group         0x00000000        0xc ./src/LCD.o
 .group         0x00000000        0xc ./src/LCD.o
 .group         0x00000000        0xc ./src/LCD.o
 .group         0x00000000        0xc ./src/LCD.o
 .group         0x00000000        0xc ./src/LCD.o
 .group         0x00000000        0xc ./src/LCD.o
 .group         0x00000000        0xc ./src/LCD.o
 .group         0x00000000        0xc ./src/LCD.o
 .text          0x00000000        0x0 ./src/LCD.o
 .data          0x00000000        0x0 ./src/LCD.o
 .bss           0x00000000        0x0 ./src/LCD.o
 .group         0x00000000        0xc ./src/cr_startup_lpc175x_6x.o
 .text          0x00000000        0x0 ./src/cr_startup_lpc175x_6x.o
 .data          0x00000000        0x0 ./src/cr_startup_lpc175x_6x.o
 .bss           0x00000000        0x0 ./src/cr_startup_lpc175x_6x.o
 .debug_macro   0x00000000      0xaba ./src/cr_startup_lpc175x_6x.o
 .group         0x00000000        0xc ./src/crp.o
 .group         0x00000000        0xc ./src/crp.o
 .text          0x00000000        0x0 ./src/crp.o
 .data          0x00000000        0x0 ./src/crp.o
 .bss           0x00000000        0x0 ./src/crp.o
 .debug_macro   0x00000000      0xaba ./src/crp.o
 .group         0x00000000        0xc ./src/main.o
 .group         0x00000000        0xc ./src/main.o
 .group         0x00000000        0xc ./src/main.o
 .group         0x00000000        0xc ./src/main.o
 .group         0x00000000        0xc ./src/main.o
[...]
Memory Configuration

Name             Origin             Length             Attributes
MFlash512        0x00000000         0x00080000         xr
RamLoc32         0x10000000         0x00008000         xrw
RamAHB32         0x2007c000         0x00008000         xrw
*default*        0x00000000         0xffffffff

Linker script and memory map

LOAD ./src/LCD.o
LOAD ./src/cr_startup_lpc175x_6x.o
LOAD ./src/crp.o
LOAD ./src/main.o
LOAD C:\Users\Gaston\Documents\MCUXpressoIDE_11.8.0_1165\workspace_With_Drivers\CMSISv2p00_LPC17xx\Debug\libCMSISv2p00_LPC17xx.a
START GROUP
LOAD c:/nxp/mcuxpressoide_11.8.0_1165/ide/plugins/com.nxp.mcuxpresso.tools.win32_11.8.0.202306131047/tools/bin/../lib/gcc/arm-none-eabi/12.2.1/../../../../arm-none-eabi/lib/thumb/v7-m/nofp\libcr_c.a
LOAD c:/nxp/mcuxpressoide_11.8.0_1165/ide/plugins/com.nxp.mcuxpresso.tools.win32_11.8.0.202306131047/tools/bin/../lib/gcc/arm-none-eabi/12.2.1/thumb/v7-m/nofp\libcr_eabihelpers.a
LOAD c:/nxp/mcuxpressoide_11.8.0_1165/ide/plugins/com.nxp.mcuxpresso.tools.win32_11.8.0.202306131047/tools/bin/../lib/gcc/arm-none-eabi/12.2.1/thumb/v7-m/nofp\libgcc.a
END GROUP
                0x00000000                __base_MFlash512 = 0x0
                0x00000000                __base_Flash = 0x0
                0x00080000                __top_MFlash512 = 0x80000
                0x00080000                __top_Flash = 0x80000
                0x10000000                __base_RamLoc32 = 0x10000000
                0x10000000                __base_RAM = 0x10000000
                0x10008000                __top_RamLoc32 = 0x10008000
                0x10008000                __top_RAM = 0x10008000
                0x2007c000                __base_RamAHB32 = 0x2007c000
                0x2007c000                __base_RAM2 = 0x2007c000
                0x20084000                __top_RamAHB32 = 0x20084000
                0x20084000                __top_RAM2 = 0x20084000

.text           0x00000000     0x205c
 FILL mask 0xff
                0x00000000                __vectors_start__ = ABSOLUTE (.)
 *(.isr_vector)
 .isr_vector    0x00000000       0xcc ./src/cr_startup_lpc175x_6x.o
                0x00000000                g_pfnVectors
                0x000000cc                . = ALIGN (0x4)
                0x000000cc                __section_table_start = .
                0x000000cc                __data_section_table = .
                0x000000cc        0x4 LONG 0x205c LOADADDR (.data)
                0x000000d0        0x4 LONG 0x10000000 ADDR (.data)
                0x000000d4        0x4 LONG 0x3c SIZEOF (.data)
                0x000000d8        0x4 LONG 0x205c LOADADDR (.data_RAM2)
                0x000000dc        0x4 LONG 0x2007c000 ADDR (.data_RAM2)
                0x000000e0        0x4 LONG 0x0 SIZEOF (.data_RAM2)
                0x000000e4                __data_section_table_end = .
                0x000000e4                __bss_section_table = .
                0x000000e4        0x4 LONG 0x1000003c ADDR (.bss)
                0x000000e8        0x4 LONG 0x34 SIZEOF (.bss)
                0x000000ec        0x4 LONG 0x2007c000 ADDR (.bss_RAM2)
                0x000000f0        0x4 LONG 0x0 SIZEOF (.bss_RAM2)
                0x000000f4                __bss_section_table_end = .
                0x000000f4                __section_table_end = .
 *(.after_vectors*)
 .after_vectors
                0x000000f4      0x148 ./src/cr_startup_lpc175x_6x.o
                0x000000f4                data_init
                0x00000138                bss_init
                0x00000170                ResetISR
                0x000001ec                NMI_Handler
                0x000001f4                HardFault_Handler
                0x000001fc                MemManage_Handler
                0x00000204                BusFault_Handler
                0x0000020c                UsageFault_Handler
                0x00000214                SVC_Handler
                0x0000021c                DebugMon_Handler
                0x00000224                PendSV_Handler
                0x0000022c                SysTick_Handler
                0x00000234                UART1_IRQHandler
                0x00000234                CANActivity_IRQHandler
                0x00000234                TIMER3_IRQHandler
                0x00000234                UART0_IRQHandler
                0x00000234                EINT2_IRQHandler
                0x00000234                USBActivity_IRQHandler
                0x00000234                IntDefaultHandler
                0x00000234                PLL0_IRQHandler
                0x00000234                I2C0_IRQHandler
                0x00000234                I2C1_IRQHandler
                0x00000234                SSP0_IRQHandler
                0x00000234                I2S_IRQHandler
                0x00000234                I2C2_IRQHandler
                0x00000234                RTC_IRQHandler
                0x00000234                SPI_IRQHandler
                0x00000234                RIT_IRQHandler
                0x00000234                EINT1_IRQHandler
                0x00000234                TIMER1_IRQHandler
                0x00000234                UART2_IRQHandler
                0x00000234                ADC_IRQHandler
                0x00000234                SSP1_IRQHandler
                0x00000234                USB_IRQHandler
                0x00000234                BOD_IRQHandler
                0x00000234                PLL1_IRQHandler
                0x00000234                WDT_IRQHandler
                0x00000234                PWM1_IRQHandler
                0x00000234                QEI_IRQHandler
                0x00000234                EINT0_IRQHandler
                0x00000234                CAN_IRQHandler
                0x00000234                DMA_IRQHandler
                0x00000234                TIMER2_IRQHandler
                0x00000234                UART3_IRQHandler
                0x00000234                MCPWM_IRQHandler
                0x00000234                ENET_IRQHandler
                0x000002fc                . = 0x2fc
 *fill*         0x0000023c       0xc0 ff
                0x000002fc                PROVIDE (__CRP_WORD_START__ = .)
 *(.crp)
 .crp           0x000002fc        0x4 ./src/crp.o
                0x000002fc                CRP_WORD
                0x00000300                PROVIDE (__CRP_WORD_END__ = .)
                0x00000001                ASSERT (! ((__CRP_WORD_START__ == __CRP_WORD_END__)), Linker CRP Enabled, but no CRP_WORD provided within application)
 *(.text*)
 .text.lcdDataSend
                0x00000300      0x13c ./src/LCD.o
                0x00000300                lcdDataSend
 .text.lcdPinCtrl
                0x0000043c       0x1c ./src/LCD.o
                0x0000043c                lcdPinCtrl
 .text.lcdConfigCompleta
                0x00000458       0x24 ./src/LCD.o
                0x00000458                lcdConfigCompleta
 .text.escritura
                0x0000047c       0x1c ./src/LCD.o
                0x0000047c                escritura
 .text.noEscritura
                0x00000498       0x1c ./src/LCD.o
                0x00000498                noEscritura
 .text.lcdShow2
                0x000004b4       0x38 ./src/LCD.o
                0x000004b4                lcdShow2
 .text.lcdEntryMode
                0x000004ec       0x38 ./src/LCD.o
                0x000004ec                lcdEntryMode
 .text.lcdClear
                0x00000524       0x38 ./src/LCD.o
                0x00000524                lcdClear
 .text.lcdShow  0x0000055c       0x38 ./src/LCD.o
                0x0000055c                lcdShow
 .text.lcdSET   0x00000594       0x74 ./src/LCD.o
                0x00000594                lcdSET
 .text.lcdInit  0x00000608       0x60 ./src/LCD.o
                0x00000608                lcdInit
 .text.ldcEnable
                0x00000668       0x1c ./src/LCD.o
                0x00000668                ldcEnable
 .text.lcdDisable
                0x00000684       0x1c ./src/LCD.o
                0x00000684                lcdDisable
 .text.ldcEnableDisable
                0x000006a0       0x16 ./src/LCD.o
                0x000006a0                ldcEnableDisable
 *fill*         0x000006b6        0x2 ff
 .text.lcdGpioConf
                0x000006b8       0x58 ./src/LCD.o
                0x000006b8                lcdGpioConf
 .text.lcdDelay
                0x00000710       0x3e ./src/LCD.o
                0x00000710                lcdDelay
 *fill*         0x0000074e        0x2 ff
 .text.NVIC_EnableIRQ
                0x00000750       0x30 ./src/main.o
 .text.NVIC_SetPriority
                0x00000780       0x54 ./src/main.o
 .text.main     0x000007d4       0x24 ./src/main.o
                0x000007d4                main
 .text.configTimer
                0x000007f8       0x88 ./src/main.o
                0x000007f8                configTimer
 .text.configADC
                0x00000880       0x70 ./src/main.o
                0x00000880                configADC
 .text.configDAC
                0x000008f0       0x1c ./src/main.o
                0x000008f0                configDAC
 .text.configUART
                0x0000090c       0x90 ./src/main.o
                0x0000090c                configUART
 .text.configDMA
                0x0000099c       0x6c ./src/main.o
                0x0000099c                configDMA
 .text.configPin
                0x00000a08       0xdc ./src/main.o
                0x00000a08                configPin
 .text.EINT3_IRQHandler
                0x00000ae4       0x8c ./src/main.o
                0x00000ae4                EINT3_IRQHandler
 .text.TIMER0_IRQHandler
                0x00000b70      0x248 ./src/main.o
                0x00000b70                TIMER0_IRQHandler
 .text.SystemInit
                0x00000db8       0xd8 C:\Users\Gaston\Documents\MCUXpressoIDE_11.8.0_1165\workspace_With_Drivers\CMSISv2p00_LPC17xx\Debug\libCMSISv2p00_LPC17xx.a(system_LPC17xx.o)
                0x00000db8                SystemInit
 .text.CLKPWR_SetPCLKDiv
                0x00000e90       0x4c C:\Users\Gaston\Documents\MCUXpressoIDE_11.8.0_1165\workspace_With_Drivers\CMSISv2p00_LPC17xx\Debug\libCMSISv2p00_LPC17xx.a(lpc17xx_clkpwr.o)
                0x00000e90                CLKPWR_SetPCLKDiv
 .text.CLKPWR_GetPCLKSEL
                0x00000edc       0x20 C:\Users\Gaston\Documents\MCUXpressoIDE_11.8.0_1165\workspace_With_Drivers\CMSISv2p00_LPC17xx\Debug\libCMSISv2p00_LPC17xx.a(lpc17xx_clkpwr.o)
                0x00000edc                CLKPWR_GetPCLKSEL
 .text.CLKPWR_GetPCLK
                0x00000efc       0x20 C:\Users\Gaston\Documents\MCUXpressoIDE_11.8.0_1165\workspace_With_Drivers\CMSISv2p00_LPC17xx\Debug\libCMSISv2p00_LPC17xx.a(lpc17xx_clkpwr.o)
                0x00000efc                CLKPWR_GetPCLK
 .text.CLKPWR_ConfigPPWR
                0x00000f1c       0x34 C:\Users\Gaston\Documents\MCUXpressoIDE_11.8.0_1165\workspace_With_Drivers\CMSISv2p00_LPC17xx\Debug\libCMSISv2p00_LPC17xx.a(lpc17xx_clkpwr.o)
                0x00000f1c                CLKPWR_ConfigPPWR
 .text.DAC_Init
                0x00000f50       0x24 C:\Users\Gaston\Documents\MCUXpressoIDE_11.8.0_1165\workspace_With_Drivers\CMSISv2p00_LPC17xx\Debug\libCMSISv2p00_LPC17xx.a(lpc17xx_dac.o)
                0x00000f50                DAC_Init
 .text.DAC_UpdateValue
                0x00000f74       0x2c C:\Users\Gaston\Documents\MCUXpressoIDE_11.8.0_1165\workspace_With_Drivers\CMSISv2p00_LPC17xx\Debug\libCMSISv2p00_LPC17xx.a(lpc17xx_dac.o)
                0x00000f74                DAC_UpdateValue
 .text.DAC_SetBias
                0x00000fa0       0x30 C:\Users\Gaston\Documents\MCUXpressoIDE_11.8.0_1165\workspace_With_Drivers\CMSISv2p00_LPC17xx\Debug\libCMSISv2p00_LPC17xx.a(lpc17xx_dac.o)
                0x00000fa0                DAC_SetBias
 .text.GPDMA_Init
                0x00000fd0       0x38 C:\Users\Gaston\Documents\MCUXpressoIDE_11.8.0_1165\workspace_With_Drivers\CMSISv2p00_LPC17xx\Debug\libCMSISv2p00_LPC17xx.a(lpc17xx_gpdma.o)
                0x00000fd0                GPDMA_Init
 .text.GPDMA_Setup
                0x00001008      0x1d4 C:\Users\Gaston\Documents\MCUXpressoIDE_11.8.0_1165\workspace_With_Drivers\CMSISv2p00_LPC17xx\Debug\libCMSISv2p00_LPC17xx.a(lpc17xx_gpdma.o)
                0x00001008                GPDMA_Setup
 .text.GPDMA_ChannelCmd
                0x000011dc       0x1c C:\Users\Gaston\Documents\MCUXpressoIDE_11.8.0_1165\workspace_With_Drivers\CMSISv2p00_LPC17xx\Debug\libCMSISv2p00_LPC17xx.a(lpc17xx_gpdma.o)
                0x000011dc                GPDMA_ChannelCmd
 .text.check_failed
                0x000011f8        0x2 C:\Users\Gaston\Documents\MCUXpressoIDE_11.8.0_1165\workspace_With_Drivers\CMSISv2p00_LPC17xx\Debug\libCMSISv2p00_LPC17xx.a(lpc17xx_libcfg_default.o)
                0x000011f8                check_failed
 *fill*         0x000011fa        0x2 ff
 .text.PINSEL_ConfigPin
                0x000011fc       0x7c C:\Users\Gaston\Documents\MCUXpressoIDE_11.8.0_1165\workspace_With_Drivers\CMSISv2p00_LPC17xx\Debug\libCMSISv2p00_LPC17xx.a(lpc17xx_pinsel.o)
                0x000011fc                PINSEL_ConfigPin
 .text.TIM_ClearIntPending
                0x00001278       0x4c C:\Users\Gaston\Documents\MCUXpressoIDE_11.8.0_1165\workspace_With_Drivers\CMSISv2p00_LPC17xx\Debug\libCMSISv2p00_LPC17xx.a(lpc17xx_timer.o)
                0x00001278                TIM_ClearIntPending
 .text.TIM_Cmd  0x000012c4       0x48 C:\Users\Gaston\Documents\MCUXpressoIDE_11.8.0_1165\workspace_With_Drivers\CMSISv2p00_LPC17xx\Debug\libCMSISv2p00_LPC17xx.a(lpc17xx_timer.o)
                0x000012c4                TIM_Cmd
 .text.TIM_ResetCounter
                0x0000130c       0x44 C:\Users\Gaston\Documents\MCUXpressoIDE_11.8.0_1165\workspace_With_Drivers\CMSISv2p00_LPC17xx\Debug\libCMSISv2p00_LPC17xx.a(lpc17xx_timer.o)
                0x0000130c                TIM_ResetCounter
 .text.TIM_ConfigMatch
                0x00001350       0xcc C:\Users\Gaston\Documents\MCUXpressoIDE_11.8.0_1165\workspace_With_Drivers\CMSISv2p00_LPC17xx\Debug\libCMSISv2p00_LPC17xx.a(lpc17xx_timer.o)
                0x00001350                TIM_ConfigMatch
 .text.UART_Init
                0x0000141c      0x28c C:\Users\Gaston\Documents\MCUXpressoIDE_11.8.0_1165\workspace_With_Drivers\CMSISv2p00_LPC17xx\Debug\libCMSISv2p00_LPC17xx.a(lpc17xx_uart.o)
                0x0000141c                UART_Init
 .text.UART_ReceiveByte
                0x000016a8       0x40 C:\Users\Gaston\Documents\MCUXpressoIDE_11.8.0_1165\workspace_With_Drivers\CMSISv2p00_LPC17xx\Debug\libCMSISv2p00_LPC17xx.a(lpc17xx_uart.o)
                0x000016a8                UART_ReceiveByte
 .text.UART_FIFOConfig
                0x000016e8       0xa8 C:\Users\Gaston\Documents\MCUXpressoIDE_11.8.0_1165\workspace_With_Drivers\CMSISv2p00_LPC17xx\Debug\libCMSISv2p00_LPC17xx.a(lpc17xx_uart.o)
                0x000016e8                UART_FIFOConfig
 .text.UART_TxCmd
                0x00001790       0x84 C:\Users\Gaston\Documents\MCUXpressoIDE_11.8.0_1165\workspace_With_Drivers\CMSISv2p00_LPC17xx\Debug\libCMSISv2p00_LPC17xx.a(lpc17xx_uart.o)
                0x00001790                UART_TxCmd
 .text.__weak_main
                0x00001814        0x4 c:/nxp/mcuxpressoide_11.8.0_1165/ide/plugins/com.nxp.mcuxpresso.tools.win32_11.8.0.202306131047/tools/bin/../lib/gcc/arm-none-eabi/12.2.1/../../../../arm-none-eabi/lib/thumb/v7-m/nofp\libcr_c.a(__weak__main.o)
                0x00001814                __weak_main
                0x00001814                __main
 .text.__aeabi_dmul
                0x00001818       0xfc c:/nxp/mcuxpressoide_11.8.0_1165/ide/plugins/com.nxp.mcuxpresso.tools.win32_11.8.0.202306131047/tools/bin/../lib/gcc/arm-none-eabi/12.2.1/thumb/v7-m/nofp\libcr_eabihelpers.a(double.o)
                0x00001818                __aeabi_dmul
 .text.__aeabi_ddiv
                0x00001914      0x130 c:/nxp/mcuxpressoide_11.8.0_1165/ide/plugins/com.nxp.mcuxpresso.tools.win32_11.8.0.202306131047/tools/bin/../lib/gcc/arm-none-eabi/12.2.1/thumb/v7-m/nofp\libcr_eabihelpers.a(double.o)
                0x00001914                __aeabi_ddiv
 .text.__aeabi_dsub
                0x00001a44      0x1b4 c:/nxp/mcuxpressoide_11.8.0_1165/ide/plugins/com.nxp.mcuxpresso.tools.win32_11.8.0.202306131047/tools/bin/../lib/gcc/arm-none-eabi/12.2.1/thumb/v7-m/nofp\libcr_eabihelpers.a(double.o)
                0x00001a44                __aeabi_dsub
 .text.__aeabi_dadd
                0x00001bf8      0x13c c:/nxp/mcuxpressoide_11.8.0_1165/ide/plugins/com.nxp.mcuxpresso.tools.win32_11.8.0.202306131047/tools/bin/../lib/gcc/arm-none-eabi/12.2.1/thumb/v7-m/nofp\libcr_eabihelpers.a(double.o)
                0x00001bf8                __aeabi_dadd
 .text.__aeabi_d2f
                0x00001d34       0x58 c:/nxp/mcuxpressoide_11.8.0_1165/ide/plugins/com.nxp.mcuxpresso.tools.win32_11.8.0.202306131047/tools/bin/../lib/gcc/arm-none-eabi/12.2.1/thumb/v7-m/nofp\libcr_eabihelpers.a(double.o)
                0x00001d34                __aeabi_d2f
 .text.__bhs_ui2d
                0x00001d8c       0x46 c:/nxp/mcuxpressoide_11.8.0_1165/ide/plugins/com.nxp.mcuxpresso.tools.win32_11.8.0.202306131047/tools/bin/../lib/gcc/arm-none-eabi/12.2.1/thumb/v7-m/nofp\libcr_eabihelpers.a(double.o)
                0x00001d8c                __bhs_ui2d
 .text.__aeabi_ui2d
                0x00001dd2        0x8 c:/nxp/mcuxpressoide_11.8.0_1165/ide/plugins/com.nxp.mcuxpresso.tools.win32_11.8.0.202306131047/tools/bin/../lib/gcc/arm-none-eabi/12.2.1/thumb/v7-m/nofp\libcr_eabihelpers.a(double.o)
                0x00001dd2                __aeabi_ui2d
 .text.__aeabi_dcmplt
                0x00001dda       0x5a c:/nxp/mcuxpressoide_11.8.0_1165/ide/plugins/com.nxp.mcuxpresso.tools.win32_11.8.0.202306131047/tools/bin/../lib/gcc/arm-none-eabi/12.2.1/thumb/v7-m/nofp\libcr_eabihelpers.a(double.o)
                0x00001dda                __aeabi_dcmplt
 .text.__aeabi_dcmpgt
                0x00001e34       0x56 c:/nxp/mcuxpressoide_11.8.0_1165/ide/plugins/com.nxp.mcuxpresso.tools.win32_11.8.0.202306131047/tools/bin/../lib/gcc/arm-none-eabi/12.2.1/thumb/v7-m/nofp\libcr_eabihelpers.a(double.o)
                0x00001e34                __aeabi_dcmpgt
 .text.__aeabi_f2uiz
                0x00001e8a       0x2a c:/nxp/mcuxpressoide_11.8.0_1165/ide/plugins/com.nxp.mcuxpresso.tools.win32_11.8.0.202306131047/tools/bin/../lib/gcc/arm-none-eabi/12.2.1/thumb/v7-m/nofp\libcr_eabihelpers.a(float.o)
                0x00001e8a                __aeabi_f2uiz
 .text.__bhs_ui2f
                0x00001eb4       0x26 c:/nxp/mcuxpressoide_11.8.0_1165/ide/plugins/com.nxp.mcuxpresso.tools.win32_11.8.0.202306131047/tools/bin/../lib/gcc/arm-none-eabi/12.2.1/thumb/v7-m/nofp\libcr_eabihelpers.a(float.o)
                0x00001eb4                __bhs_ui2f
 .text.__aeabi_i2f
                0x00001eda       0x10 c:/nxp/mcuxpressoide_11.8.0_1165/ide/plugins/com.nxp.mcuxpresso.tools.win32_11.8.0.202306131047/tools/bin/../lib/gcc/arm-none-eabi/12.2.1/thumb/v7-m/nofp\libcr_eabihelpers.a(float.o)
                0x00001eda                __aeabi_i2f
 *fill*         0x00001eea        0x2 ff
 .text.__aeabi_f2d
                0x00001eec       0x38 c:/nxp/mcuxpressoide_11.8.0_1165/ide/plugins/com.nxp.mcuxpresso.tools.win32_11.8.0.202306131047/tools/bin/../lib/gcc/arm-none-eabi/12.2.1/thumb/v7-m/nofp\libcr_eabihelpers.a(float.o)
                0x00001eec                __aeabi_f2d
 .text.__aeabi_fcmplt
                0x00001f24       0x3a c:/nxp/mcuxpressoide_11.8.0_1165/ide/plugins/com.nxp.mcuxpresso.tools.win32_11.8.0.202306131047/tools/bin/../lib/gcc/arm-none-eabi/12.2.1/thumb/v7-m/nofp\libcr_eabihelpers.a(float.o)
                0x00001f24                __aeabi_fcmplt
 .text.__aeabi_fcmpgt
                0x00001f5e       0x3a c:/nxp/mcuxpressoide_11.8.0_1165/ide/plugins/com.nxp.mcuxpresso.tools.win32_11.8.0.202306131047/tools/bin/../lib/gcc/arm-none-eabi/12.2.1/thumb/v7-m/nofp\libcr_eabihelpers.a(float.o)
                0x00001f5e                __aeabi_fcmpgt
 *(.rodata .rodata.* .constdata .constdata.*)
 .rodata.CSWTCH.5
                0x00001f98        0x4 C:\Users\Gaston\Documents\MCUXpressoIDE_11.8.0_1165\workspace_With_Drivers\CMSISv2p00_LPC17xx\Debug\libCMSISv2p00_LPC17xx.a(lpc17xx_clkpwr.o)
 .rodata.DAC_Init.str1.1
                0x00001f9c        0xe C:\Users\Gaston\Documents\MCUXpressoIDE_11.8.0_1165\workspace_With_Drivers\CMSISv2p00_LPC17xx\Debug\libCMSISv2p00_LPC17xx.a(lpc17xx_dac.o)
 .rodata.GPDMA_LUTPerWid
                0x00001faa       0x18 C:\Users\Gaston\Documents\MCUXpressoIDE_11.8.0_1165\workspace_With_Drivers\CMSISv2p00_LPC17xx\Debug\libCMSISv2p00_LPC17xx.a(lpc17xx_gpdma.o)
                0x00001faa                GPDMA_LUTPerWid
 .rodata.GPDMA_LUTPerBurst
                0x00001fc2       0x18 C:\Users\Gaston\Documents\MCUXpressoIDE_11.8.0_1165\workspace_With_Drivers\CMSISv2p00_LPC17xx\Debug\libCMSISv2p00_LPC17xx.a(lpc17xx_gpdma.o)
                0x00001fc2                GPDMA_LUTPerBurst
 *fill*         0x00001fda        0x2 ff
 .rodata.GPDMA_LUTPerAddr
                0x00001fdc       0x60 C:\Users\Gaston\Documents\MCUXpressoIDE_11.8.0_1165\workspace_With_Drivers\CMSISv2p00_LPC17xx\Debug\libCMSISv2p00_LPC17xx.a(lpc17xx_gpdma.o)
                0x00001fdc                GPDMA_LUTPerAddr
 .rodata.TIM_GetIntStatus.str1.1
                0x0000203c       0x10 C:\Users\Gaston\Documents\MCUXpressoIDE_11.8.0_1165\workspace_With_Drivers\CMSISv2p00_LPC17xx\Debug\libCMSISv2p00_LPC17xx.a(lpc17xx_timer.o)
 .rodata.UART_Init.str1.1
                0x0000204c        0xf C:\Users\Gaston\Documents\MCUXpressoIDE_11.8.0_1165\workspace_With_Drivers\CMSISv2p00_LPC17xx\Debug\libCMSISv2p00_LPC17xx.a(lpc17xx_uart.o)
                0x0000205c                . = ALIGN (0x4)
 *fill*         0x0000205b        0x1 ff

.glue_7         0x0000205c        0x0
 .glue_7        0x0000205c        0x0 linker stubs

.glue_7t        0x0000205c        0x0
 .glue_7t       0x0000205c        0x0 linker stubs

.vfp11_veneer   0x0000205c        0x0
 .vfp11_veneer  0x0000205c        0x0 linker stubs

.v4_bx          0x0000205c        0x0
 .v4_bx         0x0000205c        0x0 linker stubs

.iplt           0x0000205c        0x0
 .iplt          0x0000205c        0x0 ./src/LCD.o

.rel.dyn        0x0000205c        0x0
 .rel.iplt      0x0000205c        0x0 ./src/LCD.o

.ARM.extab
 *(.ARM.extab* .gnu.linkonce.armextab.*)

.ARM.exidx      0x0000205c        0x0
                0x0000205c                __exidx_start = .
 *(.ARM.exidx* .gnu.linkonce.armexidx.*)
                0x0000205c                __exidx_end = .
                0x0000205c                _etext = .

.data_RAM2      0x2007c000        0x0 load address 0x0000205c
 FILL mask 0xff
                [!provide]                PROVIDE (__start_data_RAM2 = .)
                [!provide]                PROVIDE (__start_data_RamAHB32 = .)
 *(.ramfunc.$RAM2)
 *(.ramfunc.$RamAHB32)
 *(.data.$RAM2)
 *(.data.$RamAHB32)
 *(.data.$RAM2.*)
 *(.data.$RamAHB32.*)
                0x2007c000                . = ALIGN (0x4)
                [!provide]                PROVIDE (__end_data_RAM2 = .)
                [!provide]                PROVIDE (__end_data_RamAHB32 = .)

.uninit_RESERVED
                0x10000000        0x0
                0x10000000                _start_uninit_RESERVED = .
 *(.bss.$RESERVED*)
                0x10000000                . = ALIGN (0x4)
                0x10000000                _end_uninit_RESERVED = .

.data           0x10000000       0x3c load address 0x0000205c
 FILL mask 0xff
                0x10000000                _data = .
                [!provide]                PROVIDE (__start_data_RAM = .)
                [!provide]                PROVIDE (__start_data_RamLoc32 = .)
 *(vtable)
 *(.ramfunc*)
 *(CodeQuickAccess)
 *(DataQuickAccess)
 *(RamFunction)
 *(.data*)
 .data.Tiempo   0x10000000       0x14 ./src/main.o
                0x10000000                Tiempo
 .data.rangoTemp
                0x10000014        0x4 ./src/main.o
                0x10000014                rangoTemp
 .data.SystemCoreClock
                0x10000018        0x4 C:\Users\Gaston\Documents\MCUXpressoIDE_11.8.0_1165\workspace_With_Drivers\CMSISv2p00_LPC17xx\Debug\libCMSISv2p00_LPC17xx.a(system_LPC17xx.o)
                0x10000018                SystemCoreClock
 .data.pGPDMACh
                0x1000001c       0x20 C:\Users\Gaston\Documents\MCUXpressoIDE_11.8.0_1165\workspace_With_Drivers\CMSISv2p00_LPC17xx\Debug\libCMSISv2p00_LPC17xx.a(lpc17xx_gpdma.o)
                0x1000001c                pGPDMACh
                0x1000003c                . = ALIGN (0x4)
                0x1000003c                _edata = .
                [!provide]                PROVIDE (__end_data_RAM = .)
                [!provide]                PROVIDE (__end_data_RamLoc32 = .)

.igot.plt       0x1000003c        0x0 load address 0x00002098
 .igot.plt      0x1000003c        0x0 ./src/LCD.o

.bss_RAM2       0x2007c000        0x0
                [!provide]                PROVIDE (__start_bss_RAM2 = .)
                [!provide]                PROVIDE (__start_bss_RamAHB32 = .)
 *(.bss.$RAM2)
 *(.bss.$RamAHB32)
 *(.bss.$RAM2.*)
 *(.bss.$RamAHB32.*)
                0x2007c000                . = ALIGN ((. != 0x0)?0x4:0x1)
                [!provide]                PROVIDE (__end_bss_RAM2 = .)
                [!provide]                PROVIDE (__end_bss_RamAHB32 = .)

.bss            0x1000003c       0x34
                0x1000003c                _bss = .
                [!provide]                PROVIDE (__start_bss_RAM = .)
                [!provide]                PROVIDE (__start_bss_RamLoc32 = .)
 *(.bss*)
 .bss.j         0x1000003c        0x4 ./src/main.o
                0x1000003c                j
 .bss.adcv      0x10000040        0x4 ./src/main.o
                0x10000040                adcv
 .bss.dac       0x10000044        0x4 ./src/main.o
                0x10000044                dac
 .bss.volts     0x10000048        0x4 ./src/main.o
                0x10000048                volts
 .bss.temperature
                0x1000004c        0x4 ./src/main.o
                0x1000004c                temperature
 .bss.pinMatch  0x10000050        0x1 ./src/main.o
                0x10000050                pinMatch
 .bss.temperatureToInt
                0x10000051        0x1 ./src/main.o
                0x10000051                temperatureToInt
 .bss.controlTemp
                0x10000052        0x1 ./src/main.o
                0x10000052                controlTemp
 *fill*         0x10000053        0x1 
 .bss.PrangoTempMin
                0x10000054        0x4 ./src/main.o
                0x10000054                PrangoTempMin
 .bss.PrangoTempMax
                0x10000058        0x4 ./src/main.o
                0x10000058                PrangoTempMax
 .bss.Rx_VALUE  0x1000005c        0x1 ./src/main.o
                0x1000005c                Rx_VALUE
 *fill*         0x1000005d        0x3 
 .bss.LLI       0x10000060       0x10 ./src/main.o
                0x10000060                LLI
 *(COMMON)
                0x10000070                . = ALIGN (0x4)
                0x10000070                _ebss = .
                [!provide]                PROVIDE (__end_bss_RAM = .)
                [!provide]                PROVIDE (__end_bss_RamLoc32 = .)
                [!provide]                PROVIDE (end = .)

.noinit_RAM2    0x2007c000        0x0
                [!provide]                PROVIDE (__start_noinit_RAM2 = .)
                [!provide]                PROVIDE (__start_noinit_RamAHB32 = .)
 *(.noinit.$RAM2)
 *(.noinit.$RamAHB32)
 *(.noinit.$RAM2.*)
 *(.noinit.$RamAHB32.*)
                0x2007c000                . = ALIGN (0x4)
                [!provide]                PROVIDE (__end_noinit_RAM2 = .)
                [!provide]                PROVIDE (__end_noinit_RamAHB32 = .)

.noinit         0x10000070        0x0
                0x10000070                _noinit = .
                [!provide]                PROVIDE (__start_noinit_RAM = .)
                [!provide]                PROVIDE (__start_noinit_RamLoc32 = .)
 *(.noinit*)
                0x10000070                . = ALIGN (0x4)
                0x10000070                _end_noinit = .
                [!provide]                PROVIDE (__end_noinit_RAM = .)
                [!provide]                PROVIDE (__end_noinit_RamLoc32 = .)
                [!provide]                PROVIDE (_pvHeapStart = DEFINED (__user_heap_base)?__user_heap_base:.)
                0x10008000                PROVIDE (_vStackTop = DEFINED (__user_stack_top)?__user_stack_top:(__top_RamLoc32 - 0x0))
                0xefff749e                PROVIDE (__valid_user_code_checksum = (0x0 - ((((((_vStackTop + (ResetISR + 0x1)) + (NMI_Handler + 0x1)) + (HardFault_Handler + 0x1)) + (DEFINED (MemManage_Handler)?MemManage_Handler:0x0 + 0x1)) + (DEFINED (BusFault_Handler)?BusFault_Handler:0x0 + 0x1)) + (DEFINED (UsageFault_Handler)?UsageFault_Handler:0x0 + 0x1))))
                0x00000000                _image_start = LOADADDR (.text)
                0x00002098                _image_end = (LOADADDR (.data) + SIZEOF (.data))
                0x00002098                _image_size = (_image_end - _image_start)
OUTPUT(TP_Final.axf elf32-littlearm)
LOAD linker stubs

.debug_info     0x00000000     0x6e18
 .debug_info    0x00000000      0x66b ./src/LCD.o
 .debug_info    0x0000066b      0x278 ./src/cr_startup_lpc175x_6x.o
 .debug_info    0x000008e3       0x41 ./src/crp.o
 .debug_info    0x00000924     0x18aa ./src/main.o
 .debug_info    0x000021ce      0x302 C:\Users\Gaston\Documents\MCUXpressoIDE_11.8.0_1165\workspace_With_Drivers\CMSISv2p00_LPC17xx\Debug\libCMSISv2p00_LPC17xx.a(system_LPC17xx.o)
 .debug_info    0x000024d0      0x64b C:\Users\Gaston\Documents\MCUXpressoIDE_11.8.0_1165\workspace_With_Drivers\CMSISv2p00_LPC17xx\Debug\libCMSISv2p00_LPC17xx.a(lpc17xx_clkpwr.o)
 .debug_info    0x00002b1b      0x37e C:\Users\Gaston\Documents\MCUXpressoIDE_11.8.0_1165\workspace_With_Drivers\CMSISv2p00_LPC17xx\Debug\libCMSISv2p00_LPC17xx.a(lpc17xx_dac.o)
 .debug_info    0x00002e99     0x1063 C:\Users\Gaston\Documents\MCUXpressoIDE_11.8.0_1165\workspace_With_Drivers\CMSISv2p00_LPC17xx\Debug\libCMSISv2p00_LPC17xx.a(lpc17xx_gpdma.o)
 .debug_info    0x00003efc       0xcf C:\Users\Gaston\Documents\MCUXpressoIDE_11.8.0_1165\workspace_With_Drivers\CMSISv2p00_LPC17xx\Debug\libCMSISv2p00_LPC17xx.a(lpc17xx_libcfg_default.o)
 .debug_info    0x00003fcb      0x518 C:\Users\Gaston\Documents\MCUXpressoIDE_11.8.0_1165\workspace_With_Drivers\CMSISv2p00_LPC17xx\Debug\libCMSISv2p00_LPC17xx.a(lpc17xx_pinsel.o)
 .debug_info    0x000044e3      0xc60 C:\Users\Gaston\Documents\MCUXpressoIDE_11.8.0_1165\workspace_With_Drivers\CMSISv2p00_LPC17xx\Debug\libCMSISv2p00_LPC17xx.a(lpc17xx_timer.o)
 .debug_info    0x00005143     0x1cd5 C:\Users\Gaston\Documents\MCUXpressoIDE_11.8.0_1165\workspace_With_Drivers\CMSISv2p00_LPC17xx\Debug\libCMSISv2p00_LPC17xx.a(lpc17xx_uart.o)

.debug_abbrev   0x00000000     0x1652
 .debug_abbrev  0x00000000      0x17a ./src/LCD.o
 .debug_abbrev  0x0000017a      0x152 ./src/cr_startup_lpc175x_6x.o
 .debug_abbrev  0x000002cc       0x37 ./src/crp.o
 .debug_abbrev  0x00000303      0x33e ./src/main.o
 .debug_abbrev  0x00000641      0x10d C:\Users\Gaston\Documents\MCUXpressoIDE_11.8.0_1165\workspace_With_Drivers\CMSISv2p00_LPC17xx\Debug\libCMSISv2p00_LPC17xx.a(system_LPC17xx.o)
 .debug_abbrev  0x0000074e      0x208 C:\Users\Gaston\Documents\MCUXpressoIDE_11.8.0_1165\workspace_With_Drivers\CMSISv2p00_LPC17xx\Debug\libCMSISv2p00_LPC17xx.a(lpc17xx_clkpwr.o)
 .debug_abbrev  0x00000956      0x1a5 C:\Users\Gaston\Documents\MCUXpressoIDE_11.8.0_1165\workspace_With_Drivers\CMSISv2p00_LPC17xx\Debug\libCMSISv2p00_LPC17xx.a(lpc17xx_dac.o)
 .debug_abbrev  0x00000afb      0x2a2 C:\Users\Gaston\Documents\MCUXpressoIDE_11.8.0_1165\workspace_With_Drivers\CMSISv2p00_LPC17xx\Debug\libCMSISv2p00_LPC17xx.a(lpc17xx_gpdma.o)
 .debug_abbrev  0x00000d9d       0x76 C:\Users\Gaston\Documents\MCUXpressoIDE_11.8.0_1165\workspace_With_Drivers\CMSISv2p00_LPC17xx\Debug\libCMSISv2p00_LPC17xx.a(lpc17xx_libcfg_default.o)
 .debug_abbrev  0x00000e13      0x1ac C:\Users\Gaston\Documents\MCUXpressoIDE_11.8.0_1165\workspace_With_Drivers\CMSISv2p00_LPC17xx\Debug\libCMSISv2p00_LPC17xx.a(lpc17xx_pinsel.o)
 .debug_abbrev  0x00000fbf      0x2fb C:\Users\Gaston\Documents\MCUXpressoIDE_11.8.0_1165\workspace_With_Drivers\CMSISv2p00_LPC17xx\Debug\libCMSISv2p00_LPC17xx.a(lpc17xx_timer.o)
 .debug_abbrev  0x000012ba      0x398 C:\Users\Gaston\Documents\MCUXpressoIDE_11.8.0_1165\workspace_With_Drivers\CMSISv2p00_LPC17xx\Debug\libCMSISv2p00_LPC17xx.a(lpc17xx_uart.o)

.debug_aranges  0x00000000      0x468
 .debug_aranges
                0x00000000       0x98 ./src/LCD.o
 .debug_aranges
                0x00000098       0x80 ./src/cr_startup_lpc175x_6x.o
 .debug_aranges
                0x00000118       0x18 ./src/crp.o
 .debug_aranges
                0x00000130       0x70 ./src/main.o
 .debug_aranges
                0x000001a0       0x28 C:\Users\Gaston\Documents\MCUXpressoIDE_11.8.0_1165\workspace_With_Drivers\CMSISv2p00_LPC17xx\Debug\libCMSISv2p00_LPC17xx.a(system_LPC17xx.o)
 .debug_aranges
                0x000001c8       0x58 C:\Users\Gaston\Documents\MCUXpressoIDE_11.8.0_1165\workspace_With_Drivers\CMSISv2p00_LPC17xx\Debug\libCMSISv2p00_LPC17xx.a(lpc17xx_clkpwr.o)
 .debug_aranges
                0x00000220       0x40 C:\Users\Gaston\Documents\MCUXpressoIDE_11.8.0_1165\workspace_With_Drivers\CMSISv2p00_LPC17xx\Debug\libCMSISv2p00_LPC17xx.a(lpc17xx_dac.o)
 .debug_aranges
                0x00000260       0x40 C:\Users\Gaston\Documents\MCUXpressoIDE_11.8.0_1165\workspace_With_Drivers\CMSISv2p00_LPC17xx\Debug\libCMSISv2p00_LPC17xx.a(lpc17xx_gpdma.o)
 .debug_aranges
                0x000002a0       0x20 C:\Users\Gaston\Documents\MCUXpressoIDE_11.8.0_1165\workspace_With_Drivers\CMSISv2p00_LPC17xx\Debug\libCMSISv2p00_LPC17xx.a(lpc17xx_libcfg_default.o)
 .debug_aranges
                0x000002c0       0x30 C:\Users\Gaston\Documents\MCUXpressoIDE_11.8.0_1165\workspace_With_Drivers\CMSISv2p00_LPC17xx\Debug\libCMSISv2p00_LPC17xx.a(lpc17xx_pinsel.o)
 .debug_aranges
                0x000002f0       0x80 C:\Users\Gaston\Documents\MCUXpressoIDE_11.8.0_1165\workspace_With_Drivers\CMSISv2p00_LPC17xx\Debug\libCMSISv2p00_LPC17xx.a(lpc17xx_timer.o)
 .debug_aranges
                0x00000370       0xf8 C:\Users\Gaston\Documents\MCUXpressoIDE_11.8.0_1165\workspace_With_Drivers\CMSISv2p00_LPC17xx\Debug\libCMSISv2p00_LPC17xx.a(lpc17xx_uart.o)

.debug_rnglists
                0x00000000      0x3af
 .debug_rnglists
                0x00000000       0x6e ./src/LCD.o
 .debug_rnglists
                0x0000006e       0x5b ./src/cr_startup_lpc175x_6x.o
 .debug_rnglists
                0x000000c9       0x54 ./src/main.o
 .debug_rnglists
                0x0000011d       0x1b C:\Users\Gaston\Documents\MCUXpressoIDE_11.8.0_1165\workspace_With_Drivers\CMSISv2p00_LPC17xx\Debug\libCMSISv2p00_LPC17xx.a(system_LPC17xx.o)
 .debug_rnglists
                0x00000138       0x3d C:\Users\Gaston\Documents\MCUXpressoIDE_11.8.0_1165\workspace_With_Drivers\CMSISv2p00_LPC17xx\Debug\libCMSISv2p00_LPC17xx.a(lpc17xx_clkpwr.o)
 .debug_rnglists
                0x00000175       0x37 C:\Users\Gaston\Documents\MCUXpressoIDE_11.8.0_1165\workspace_With_Drivers\CMSISv2p00_LPC17xx\Debug\libCMSISv2p00_LPC17xx.a(lpc17xx_dac.o)
 .debug_rnglists
                0x000001ac       0x2c C:\Users\Gaston\Documents\MCUXpressoIDE_11.8.0_1165\workspace_With_Drivers\CMSISv2p00_LPC17xx\Debug\libCMSISv2p00_LPC17xx.a(lpc17xx_gpdma.o)
 .debug_rnglists
                0x000001d8       0x13 C:\Users\Gaston\Documents\MCUXpressoIDE_11.8.0_1165\workspace_With_Drivers\CMSISv2p00_LPC17xx\Debug\libCMSISv2p00_LPC17xx.a(lpc17xx_libcfg_default.o)
 .debug_rnglists
                0x000001eb       0x4c C:\Users\Gaston\Documents\MCUXpressoIDE_11.8.0_1165\workspace_With_Drivers\CMSISv2p00_LPC17xx\Debug\libCMSISv2p00_LPC17xx.a(lpc17xx_pinsel.o)
 .debug_rnglists
                0x00000237       0x93 C:\Users\Gaston\Documents\MCUXpressoIDE_11.8.0_1165\workspace_With_Drivers\CMSISv2p00_LPC17xx\Debug\libCMSISv2p00_LPC17xx.a(lpc17xx_timer.o)
 .debug_rnglists
                0x000002ca       0xe5 C:\Users\Gaston\Documents\MCUXpressoIDE_11.8.0_1165\workspace_With_Drivers\CMSISv2p00_LPC17xx\Debug\libCMSISv2p00_LPC17xx.a(lpc17xx_uart.o)

.debug_macro    0x00000000     0x4bac
 .debug_macro   0x00000000       0xa8 ./src/LCD.o
 .debug_macro   0x000000a8      0xaba ./src/LCD.o
 .debug_macro   0x00000b62       0x1c ./src/LCD.o
 .debug_macro   0x00000b7e       0x2e ./src/LCD.o
 .debug_macro   0x00000bac       0x10 ./src/LCD.o
 .debug_macro   0x00000bbc      0x12e ./src/LCD.o
 .debug_macro   0x00000cea      0x5b3 ./src/LCD.o
 .debug_macro   0x0000129d       0x18 ./src/LCD.o
 .debug_macro   0x000012b5      0x7af ./src/LCD.o
 .debug_macro   0x00001a64      0x2c7 ./src/LCD.o
 .debug_macro   0x00001d2b       0x82 ./src/LCD.o
 .debug_macro   0x00001dad       0x1d ./src/cr_startup_lpc175x_6x.o
 .debug_macro   0x00001dca       0x1a ./src/crp.o
 .debug_macro   0x00001de4       0x34 ./src/crp.o
 .debug_macro   0x00001e18       0xe0 ./src/main.o
 .debug_macro   0x00001ef8       0x63 ./src/main.o
 .debug_macro   0x00001f5b       0xe5 ./src/main.o
 .debug_macro   0x00002040      0x13f ./src/main.o
 .debug_macro   0x0000217f       0xea ./src/main.o
 .debug_macro   0x00002269      0x2f7 ./src/main.o
 .debug_macro   0x00002560      0x33a ./src/main.o
 .debug_macro   0x0000289a      0x2ae ./src/main.o
 .debug_macro   0x00002b48       0x40 ./src/main.o
 .debug_macro   0x00002b88      0x12b C:\Users\Gaston\Documents\MCUXpressoIDE_11.8.0_1165\workspace_With_Drivers\CMSISv2p00_LPC17xx\Debug\libCMSISv2p00_LPC17xx.a(system_LPC17xx.o)
 .debug_macro   0x00002cb3      0xab4 C:\Users\Gaston\Documents\MCUXpressoIDE_11.8.0_1165\workspace_With_Drivers\CMSISv2p00_LPC17xx\Debug\libCMSISv2p00_LPC17xx.a(system_LPC17xx.o)
 .debug_macro   0x00003767       0x8d C:\Users\Gaston\Documents\MCUXpressoIDE_11.8.0_1165\workspace_With_Drivers\CMSISv2p00_LPC17xx\Debug\libCMSISv2p00_LPC17xx.a(lpc17xx_clkpwr.o)
 .debug_macro   0x000037f4       0x1c C:\Users\Gaston\Documents\MCUXpressoIDE_11.8.0_1165\workspace_With_Drivers\CMSISv2p00_LPC17xx\Debug\libCMSISv2p00_LPC17xx.a(lpc17xx_clkpwr.o)
 .debug_macro   0x00003810      0x2c7 C:\Users\Gaston\Documents\MCUXpressoIDE_11.8.0_1165\workspace_With_Drivers\CMSISv2p00_LPC17xx\Debug\libCMSISv2p00_LPC17xx.a(lpc17xx_clkpwr.o)
 .debug_macro   0x00003ad7      0x2f1 C:\Users\Gaston\Documents\MCUXpressoIDE_11.8.0_1165\workspace_With_Drivers\CMSISv2p00_LPC17xx\Debug\libCMSISv2p00_LPC17xx.a(lpc17xx_clkpwr.o)
 .debug_macro   0x00003dc8       0xa9 C:\Users\Gaston\Documents\MCUXpressoIDE_11.8.0_1165\workspace_With_Drivers\CMSISv2p00_LPC17xx\Debug\libCMSISv2p00_LPC17xx.a(lpc17xx_dac.o)
 .debug_macro   0x00003e71       0x3a C:\Users\Gaston\Documents\MCUXpressoIDE_11.8.0_1165\workspace_With_Drivers\CMSISv2p00_LPC17xx\Debug\libCMSISv2p00_LPC17xx.a(lpc17xx_dac.o)
 .debug_macro   0x00003eab       0xdd C:\Users\Gaston\Documents\MCUXpressoIDE_11.8.0_1165\workspace_With_Drivers\CMSISv2p00_LPC17xx\Debug\libCMSISv2p00_LPC17xx.a(lpc17xx_dac.o)
 .debug_macro   0x00003f88       0xa9 C:\Users\Gaston\Documents\MCUXpressoIDE_11.8.0_1165\workspace_With_Drivers\CMSISv2p00_LPC17xx\Debug\libCMSISv2p00_LPC17xx.a(lpc17xx_gpdma.o)
 .debug_macro   0x00004031      0x2a8 C:\Users\Gaston\Documents\MCUXpressoIDE_11.8.0_1165\workspace_With_Drivers\CMSISv2p00_LPC17xx\Debug\libCMSISv2p00_LPC17xx.a(lpc17xx_gpdma.o)
 .debug_macro   0x000042d9       0x5a C:\Users\Gaston\Documents\MCUXpressoIDE_11.8.0_1165\workspace_With_Drivers\CMSISv2p00_LPC17xx\Debug\libCMSISv2p00_LPC17xx.a(lpc17xx_libcfg_default.o)
 .debug_macro   0x00004333       0x5d C:\Users\Gaston\Documents\MCUXpressoIDE_11.8.0_1165\workspace_With_Drivers\CMSISv2p00_LPC17xx\Debug\libCMSISv2p00_LPC17xx.a(lpc17xx_libcfg_default.o)
 .debug_macro   0x00004390       0xd7 C:\Users\Gaston\Documents\MCUXpressoIDE_11.8.0_1165\workspace_With_Drivers\CMSISv2p00_LPC17xx\Debug\libCMSISv2p00_LPC17xx.a(lpc17xx_libcfg_default.o)
 .debug_macro   0x00004467       0x8d C:\Users\Gaston\Documents\MCUXpressoIDE_11.8.0_1165\workspace_With_Drivers\CMSISv2p00_LPC17xx\Debug\libCMSISv2p00_LPC17xx.a(lpc17xx_pinsel.o)
 .debug_macro   0x000044f4       0xb2 C:\Users\Gaston\Documents\MCUXpressoIDE_11.8.0_1165\workspace_With_Drivers\CMSISv2p00_LPC17xx\Debug\libCMSISv2p00_LPC17xx.a(lpc17xx_timer.o)
 .debug_macro   0x000045a6       0xe4 C:\Users\Gaston\Documents\MCUXpressoIDE_11.8.0_1165\workspace_With_Drivers\CMSISv2p00_LPC17xx\Debug\libCMSISv2p00_LPC17xx.a(lpc17xx_timer.o)
 .debug_macro   0x0000468a      0x145 C:\Users\Gaston\Documents\MCUXpressoIDE_11.8.0_1165\workspace_With_Drivers\CMSISv2p00_LPC17xx\Debug\libCMSISv2p00_LPC17xx.a(lpc17xx_timer.o)
 .debug_macro   0x000047cf       0xa9 C:\Users\Gaston\Documents\MCUXpressoIDE_11.8.0_1165\workspace_With_Drivers\CMSISv2p00_LPC17xx\Debug\libCMSISv2p00_LPC17xx.a(lpc17xx_uart.o)
 .debug_macro   0x00004878      0x334 C:\Users\Gaston\Documents\MCUXpressoIDE_11.8.0_1165\workspace_With_Drivers\CMSISv2p00_LPC17xx\Debug\libCMSISv2p00_LPC17xx.a(lpc17xx_uart.o)

.debug_line     0x00000000     0x4465
 .debug_line    0x00000000      0x5b9 ./src/LCD.o
 .debug_line    0x000005b9      0x162 ./src/cr_startup_lpc175x_6x.o
 .debug_line    0x0000071b       0xb1 ./src/crp.o
 .debug_line    0x000007cc      0x6c4 ./src/main.o
 .debug_line    0x00000e90      0x40a C:\Users\Gaston\Documents\MCUXpressoIDE_11.8.0_1165\workspace_With_Drivers\CMSISv2p00_LPC17xx\Debug\libCMSISv2p00_LPC17xx.a(system_LPC17xx.o)
 .debug_line    0x0000129a      0x485 C:\Users\Gaston\Documents\MCUXpressoIDE_11.8.0_1165\workspace_With_Drivers\CMSISv2p00_LPC17xx\Debug\libCMSISv2p00_LPC17xx.a(lpc17xx_clkpwr.o)
 .debug_line    0x0000171f      0x452 C:\Users\Gaston\Documents\MCUXpressoIDE_11.8.0_1165\workspace_With_Drivers\CMSISv2p00_LPC17xx\Debug\libCMSISv2p00_LPC17xx.a(lpc17xx_dac.o)
 .debug_line    0x00001b71      0x66f C:\Users\Gaston\Documents\MCUXpressoIDE_11.8.0_1165\workspace_With_Drivers\CMSISv2p00_LPC17xx\Debug\libCMSISv2p00_LPC17xx.a(lpc17xx_gpdma.o)
 .debug_line    0x000021e0      0x22c C:\Users\Gaston\Documents\MCUXpressoIDE_11.8.0_1165\workspace_With_Drivers\CMSISv2p00_LPC17xx\Debug\libCMSISv2p00_LPC17xx.a(lpc17xx_libcfg_default.o)
 .debug_line    0x0000240c      0x39f C:\Users\Gaston\Documents\MCUXpressoIDE_11.8.0_1165\workspace_With_Drivers\CMSISv2p00_LPC17xx\Debug\libCMSISv2p00_LPC17xx.a(lpc17xx_pinsel.o)
 .debug_line    0x000027ab      0x99e C:\Users\Gaston\Documents\MCUXpressoIDE_11.8.0_1165\workspace_With_Drivers\CMSISv2p00_LPC17xx\Debug\libCMSISv2p00_LPC17xx.a(lpc17xx_timer.o)
 .debug_line    0x00003149     0x131c C:\Users\Gaston\Documents\MCUXpressoIDE_11.8.0_1165\workspace_With_Drivers\CMSISv2p00_LPC17xx\Debug\libCMSISv2p00_LPC17xx.a(lpc17xx_uart.o)

.debug_str      0x00000000    0x1040e
 .debug_str     0x00000000     0x8cda ./src/LCD.o
                               0x8d53 (size before relaxing)
 .debug_str     0x00008cda      0x1fa ./src/cr_startup_lpc175x_6x.o
                               0x3018 (size before relaxing)
 .debug_str     0x00008ed4       0xe9 ./src/crp.o
                               0x2f01 (size before relaxing)
 .debug_str     0x00008fbd     0x5df0 ./src/main.o
                               0xea9e (size before relaxing)
 .debug_str     0x0000edad      0x43d C:\Users\Gaston\Documents\MCUXpressoIDE_11.8.0_1165\workspace_With_Drivers\CMSISv2p00_LPC17xx\Debug\libCMSISv2p00_LPC17xx.a(system_LPC17xx.o)
                               0x89d1 (size before relaxing)
 .debug_str     0x0000f1ea       0xca C:\Users\Gaston\Documents\MCUXpressoIDE_11.8.0_1165\workspace_With_Drivers\CMSISv2p00_LPC17xx\Debug\libCMSISv2p00_LPC17xx.a(lpc17xx_clkpwr.o)
                               0x9bcb (size before relaxing)
 .debug_str     0x0000f2b4      0x25d C:\Users\Gaston\Documents\MCUXpressoIDE_11.8.0_1165\workspace_With_Drivers\CMSISv2p00_LPC17xx\Debug\libCMSISv2p00_LPC17xx.a(lpc17xx_dac.o)
                               0x9d7b (size before relaxing)
 .debug_str     0x0000f511      0x3ae C:\Users\Gaston\Documents\MCUXpressoIDE_11.8.0_1165\workspace_With_Drivers\CMSISv2p00_LPC17xx\Debug\libCMSISv2p00_LPC17xx.a(lpc17xx_gpdma.o)
                               0xb41c (size before relaxing)
 .debug_str     0x0000f8bf       0x2d C:\Users\Gaston\Documents\MCUXpressoIDE_11.8.0_1165\workspace_With_Drivers\CMSISv2p00_LPC17xx\Debug\libCMSISv2p00_LPC17xx.a(lpc17xx_libcfg_default.o)
                               0x47f8 (size before relaxing)
 .debug_str     0x0000f8ec       0xf4 C:\Users\Gaston\Documents\MCUXpressoIDE_11.8.0_1165\workspace_With_Drivers\CMSISv2p00_LPC17xx\Debug\libCMSISv2p00_LPC17xx.a(lpc17xx_pinsel.o)
                               0x8e43 (size before relaxing)
 .debug_str     0x0000f9e0      0x306 C:\Users\Gaston\Documents\MCUXpressoIDE_11.8.0_1165\workspace_With_Drivers\CMSISv2p00_LPC17xx\Debug\libCMSISv2p00_LPC17xx.a(lpc17xx_timer.o)
                               0xabf0 (size before relaxing)
 .debug_str     0x0000fce6      0x728 C:\Users\Gaston\Documents\MCUXpressoIDE_11.8.0_1165\workspace_With_Drivers\CMSISv2p00_LPC17xx\Debug\libCMSISv2p00_LPC17xx.a(lpc17xx_uart.o)
                               0xbc80 (size before relaxing)

.comment        0x00000000       0x45
 .comment       0x00000000       0x45 ./src/LCD.o
                                 0x46 (size before relaxing)
 .comment       0x00000045       0x46 ./src/cr_startup_lpc175x_6x.o
 .comment       0x00000045       0x46 ./src/crp.o
 .comment       0x00000045       0x46 ./src/main.o
 .comment       0x00000045       0x46 C:\Users\Gaston\Documents\MCUXpressoIDE_11.8.0_1165\workspace_With_Drivers\CMSISv2p00_LPC17xx\Debug\libCMSISv2p00_LPC17xx.a(system_LPC17xx.o)
 .comment       0x00000045       0x46 C:\Users\Gaston\Documents\MCUXpressoIDE_11.8.0_1165\workspace_With_Drivers\CMSISv2p00_LPC17xx\Debug\libCMSISv2p00_LPC17xx.a(lpc17xx_clkpwr.o)
 .comment       0x00000045       0x46 C:\Users\Gaston\Documents\MCUXpressoIDE_11.8.0_1165\workspace_With_Drivers\CMSISv2p00_LPC17xx\Debug\libCMSISv2p00_LPC17xx.a(lpc17xx_dac.o)
 .comment       0x00000045       0x46 C:\Users\Gaston\Documents\MCUXpressoIDE_11.8.0_1165\workspace_With_Drivers\CMSISv2p00_LPC17xx\Debug\libCMSISv2p00_LPC17xx.a(lpc17xx_gpdma.o)
 .comment       0x00000045       0x46 C:\Users\Gaston\Documents\MCUXpressoIDE_11.8.0_1165\workspace_With_Drivers\CMSISv2p00_LPC17xx\Debug\libCMSISv2p00_LPC17xx.a(lpc17xx_libcfg_default.o)
 .comment       0x00000045       0x46 C:\Users\Gaston\Documents\MCUXpressoIDE_11.8.0_1165\workspace_With_Drivers\CMSISv2p00_LPC17xx\Debug\libCMSISv2p00_LPC17xx.a(lpc17xx_pinsel.o)
 .comment       0x00000045       0x46 C:\Users\Gaston\Documents\MCUXpressoIDE_11.8.0_1165\workspace_With_Drivers\CMSISv2p00_LPC17xx\Debug\libCMSISv2p00_LPC17xx.a(lpc17xx_timer.o)
 .comment       0x00000045       0x46 C:\Users\Gaston\Documents\MCUXpressoIDE_11.8.0_1165\workspace_With_Drivers\CMSISv2p00_LPC17xx\Debug\libCMSISv2p00_LPC17xx.a(lpc17xx_uart.o)
 .comment       0x00000045       0x46 c:/nxp/mcuxpressoide_11.8.0_1165/ide/plugins/com.nxp.mcuxpresso.tools.win32_11.8.0.202306131047/tools/bin/../lib/gcc/arm-none-eabi/12.2.1/../../../../arm-none-eabi/lib/thumb/v7-m/nofp\libcr_c.a(__weak__main.o)
 .comment       0x00000045       0x46 c:/nxp/mcuxpressoide_11.8.0_1165/ide/plugins/com.nxp.mcuxpresso.tools.win32_11.8.0.202306131047/tools/bin/../lib/gcc/arm-none-eabi/12.2.1/thumb/v7-m/nofp\libcr_eabihelpers.a(double.o)
 .comment       0x00000045       0x46 c:/nxp/mcuxpressoide_11.8.0_1165/ide/plugins/com.nxp.mcuxpresso.tools.win32_11.8.0.202306131047/tools/bin/../lib/gcc/arm-none-eabi/12.2.1/thumb/v7-m/nofp\libcr_eabihelpers.a(float.o)

.ARM.attributes
                0x00000000       0x2b
 .ARM.attributes
                0x00000000       0x2d ./src/LCD.o
 .ARM.attributes
                0x0000002d       0x2d ./src/cr_startup_lpc175x_6x.o
 .ARM.attributes
                0x0000005a       0x2d ./src/crp.o
 .ARM.attributes
                0x00000087       0x2d ./src/main.o
 .ARM.attributes
                0x000000b4       0x2d C:\Users\Gaston\Documents\MCUXpressoIDE_11.8.0_1165\workspace_With_Drivers\CMSISv2p00_LPC17xx\Debug\libCMSISv2p00_LPC17xx.a(system_LPC17xx.o)
 .ARM.attributes
                0x000000e1       0x2d C:\Users\Gaston\Documents\MCUXpressoIDE_11.8.0_1165\workspace_With_Drivers\CMSISv2p00_LPC17xx\Debug\libCMSISv2p00_LPC17xx.a(lpc17xx_clkpwr.o)
 .ARM.attributes
                0x0000010e       0x2d C:\Users\Gaston\Documents\MCUXpressoIDE_11.8.0_1165\workspace_With_Drivers\CMSISv2p00_LPC17xx\Debug\libCMSISv2p00_LPC17xx.a(lpc17xx_dac.o)
 .ARM.attributes
                0x0000013b       0x2d C:\Users\Gaston\Documents\MCUXpressoIDE_11.8.0_1165\workspace_With_Drivers\CMSISv2p00_LPC17xx\Debug\libCMSISv2p00_LPC17xx.a(lpc17xx_gpdma.o)
 .ARM.attributes
                0x00000168       0x2d C:\Users\Gaston\Documents\MCUXpressoIDE_11.8.0_1165\workspace_With_Drivers\CMSISv2p00_LPC17xx\Debug\libCMSISv2p00_LPC17xx.a(lpc17xx_libcfg_default.o)
 .ARM.attributes
                0x00000195       0x2d C:\Users\Gaston\Documents\MCUXpressoIDE_11.8.0_1165\workspace_With_Drivers\CMSISv2p00_LPC17xx\Debug\libCMSISv2p00_LPC17xx.a(lpc17xx_pinsel.o)
 .ARM.attributes
                0x000001c2       0x2d C:\Users\Gaston\Documents\MCUXpressoIDE_11.8.0_1165\workspace_With_Drivers\CMSISv2p00_LPC17xx\Debug\libCMSISv2p00_LPC17xx.a(lpc17xx_timer.o)
 .ARM.attributes
                0x000001ef       0x2d C:\Users\Gaston\Documents\MCUXpressoIDE_11.8.0_1165\workspace_With_Drivers\CMSISv2p00_LPC17xx\Debug\libCMSISv2p00_LPC17xx.a(lpc17xx_uart.o)
 .ARM.attributes
                0x0000021c       0x2d c:/nxp/mcuxpressoide_11.8.0_1165/ide/plugins/com.nxp.mcuxpresso.tools.win32_11.8.0.202306131047/tools/bin/../lib/gcc/arm-none-eabi/12.2.1/../../../../arm-none-eabi/lib/thumb/v7-m/nofp\libcr_c.a(__weak__main.o)
 .ARM.attributes
                0x00000249       0x2d c:/nxp/mcuxpressoide_11.8.0_1165/ide/plugins/com.nxp.mcuxpresso.tools.win32_11.8.0.202306131047/tools/bin/../lib/gcc/arm-none-eabi/12.2.1/thumb/v7-m/nofp\libcr_eabihelpers.a(double.o)
 .ARM.attributes
                0x00000276       0x2d c:/nxp/mcuxpressoide_11.8.0_1165/ide/plugins/com.nxp.mcuxpresso.tools.win32_11.8.0.202306131047/tools/bin/../lib/gcc/arm-none-eabi/12.2.1/thumb/v7-m/nofp\libcr_eabihelpers.a(float.o)

.debug_frame    0x00000000      0xbf0
 .debug_frame   0x00000000      0x204 ./src/LCD.o
 .debug_frame   0x00000204      0x170 ./src/cr_startup_lpc175x_6x.o
 .debug_frame   0x00000374      0x180 ./src/main.o
 .debug_frame   0x000004f4       0x38 C:\Users\Gaston\Documents\MCUXpressoIDE_11.8.0_1165\workspace_With_Drivers\CMSISv2p00_LPC17xx\Debug\libCMSISv2p00_LPC17xx.a(system_LPC17xx.o)
 .debug_frame   0x0000052c       0xa0 C:\Users\Gaston\Documents\MCUXpressoIDE_11.8.0_1165\workspace_With_Drivers\CMSISv2p00_LPC17xx\Debug\libCMSISv2p00_LPC17xx.a(lpc17xx_clkpwr.o)
 .debug_frame   0x000005cc       0x94 C:\Users\Gaston\Documents\MCUXpressoIDE_11.8.0_1165\workspace_With_Drivers\CMSISv2p00_LPC17xx\Debug\libCMSISv2p00_LPC17xx.a(lpc17xx_dac.o)
 .debug_frame   0x00000660       0x90 C:\Users\Gaston\Documents\MCUXpressoIDE_11.8.0_1165\workspace_With_Drivers\CMSISv2p00_LPC17xx\Debug\libCMSISv2p00_LPC17xx.a(lpc17xx_gpdma.o)
 .debug_frame   0x000006f0       0x20 C:\Users\Gaston\Documents\MCUXpressoIDE_11.8.0_1165\workspace_With_Drivers\CMSISv2p00_LPC17xx\Debug\libCMSISv2p00_LPC17xx.a(lpc17xx_libcfg_default.o)
 .debug_frame   0x00000710       0x50 C:\Users\Gaston\Documents\MCUXpressoIDE_11.8.0_1165\workspace_With_Drivers\CMSISv2p00_LPC17xx\Debug\libCMSISv2p00_LPC17xx.a(lpc17xx_pinsel.o)
 .debug_frame   0x00000760      0x17c C:\Users\Gaston\Documents\MCUXpressoIDE_11.8.0_1165\workspace_With_Drivers\CMSISv2p00_LPC17xx\Debug\libCMSISv2p00_LPC17xx.a(lpc17xx_timer.o)
 .debug_frame   0x000008dc      0x314 C:\Users\Gaston\Documents\MCUXpressoIDE_11.8.0_1165\workspace_With_Drivers\CMSISv2p00_LPC17xx\Debug\libCMSISv2p00_LPC17xx.a(lpc17xx_uart.o)

.debug_loclists
                0x00000000     0x19a1
 .debug_loclists
                0x00000000      0x11e C:\Users\Gaston\Documents\MCUXpressoIDE_11.8.0_1165\workspace_With_Drivers\CMSISv2p00_LPC17xx\Debug\libCMSISv2p00_LPC17xx.a(lpc17xx_clkpwr.o)
 .debug_loclists
                0x0000011e      0x154 C:\Users\Gaston\Documents\MCUXpressoIDE_11.8.0_1165\workspace_With_Drivers\CMSISv2p00_LPC17xx\Debug\libCMSISv2p00_LPC17xx.a(lpc17xx_dac.o)
 .debug_loclists
                0x00000272      0x116 C:\Users\Gaston\Documents\MCUXpressoIDE_11.8.0_1165\workspace_With_Drivers\CMSISv2p00_LPC17xx\Debug\libCMSISv2p00_LPC17xx.a(lpc17xx_gpdma.o)
 .debug_loclists
                0x00000388       0x22 C:\Users\Gaston\Documents\MCUXpressoIDE_11.8.0_1165\workspace_With_Drivers\CMSISv2p00_LPC17xx\Debug\libCMSISv2p00_LPC17xx.a(lpc17xx_libcfg_default.o)
 .debug_loclists
                0x000003aa       0xc2 C:\Users\Gaston\Documents\MCUXpressoIDE_11.8.0_1165\workspace_With_Drivers\CMSISv2p00_LPC17xx\Debug\libCMSISv2p00_LPC17xx.a(lpc17xx_pinsel.o)
 .debug_loclists
                0x0000046c      0x4ef C:\Users\Gaston\Documents\MCUXpressoIDE_11.8.0_1165\workspace_With_Drivers\CMSISv2p00_LPC17xx\Debug\libCMSISv2p00_LPC17xx.a(lpc17xx_timer.o)
 .debug_loclists
                0x0000095b     0x1046 C:\Users\Gaston\Documents\MCUXpressoIDE_11.8.0_1165\workspace_With_Drivers\CMSISv2p00_LPC17xx\Debug\libCMSISv2p00_LPC17xx.a(lpc17xx_uart.o)

Cross Reference Table

Symbol                                            File
ADC_IRQHandler                                    ./src/cr_startup_lpc175x_6x.o
BOD_IRQHandler                                    ./src/cr_startup_lpc175x_6x.o
BusFault_Handler                                  ./src/cr_startup_lpc175x_6x.o
CANActivity_IRQHandler                            ./src/cr_startup_lpc175x_6x.o
CAN_IRQHandler                                    ./src/cr_startup_lpc175x_6x.o
CLKPWR_ConfigPPWR                                 C:\Users\Gaston\Documents\MCUXpressoIDE_11.8.0_1165\workspace_With_Drivers\CMSISv2p00_LPC17xx\Debug\libCMSISv2p00_LPC17xx.a(lpc17xx_clkpwr.o)
                                                  C:\Users\Gaston\Documents\MCUXpressoIDE_11.8.0_1165\workspace_With_Drivers\CMSISv2p00_LPC17xx\Debug\libCMSISv2p00_LPC17xx.a(lpc17xx_uart.o)
                                                  C:\Users\Gaston\Documents\MCUXpressoIDE_11.8.0_1165\workspace_With_Drivers\CMSISv2p00_LPC17xx\Debug\libCMSISv2p00_LPC17xx.a(lpc17xx_timer.o)
                                                  C:\Users\Gaston\Documents\MCUXpressoIDE_11.8.0_1165\workspace_With_Drivers\CMSISv2p00_LPC17xx\Debug\libCMSISv2p00_LPC17xx.a(lpc17xx_gpdma.o)
CLKPWR_DeepPowerDown                              C:\Users\Gaston\Documents\MCUXpressoIDE_11.8.0_1165\workspace_With_Drivers\CMSISv2p00_LPC17xx\Debug\libCMSISv2p00_LPC17xx.a(lpc17xx_clkpwr.o)
CLKPWR_DeepSleep                                  C:\Users\Gaston\Documents\MCUXpressoIDE_11.8.0_1165\workspace_With_Drivers\CMSISv2p00_LPC17xx\Debug\libCMSISv2p00_LPC17xx.a(lpc17xx_clkpwr.o)
CLKPWR_GetPCLK                                    C:\Users\Gaston\Documents\MCUXpressoIDE_11.8.0_1165\workspace_With_Drivers\CMSISv2p00_LPC17xx\Debug\libCMSISv2p00_LPC17xx.a(lpc17xx_clkpwr.o)
                                                  C:\Users\Gaston\Documents\MCUXpressoIDE_11.8.0_1165\workspace_With_Drivers\CMSISv2p00_LPC17xx\Debug\libCMSISv2p00_LPC17xx.a(lpc17xx_uart.o)
                                                  C:\Users\Gaston\Documents\MCUXpressoIDE_11.8.0_1165\workspace_With_Drivers\CMSISv2p00_LPC17xx\Debug\libCMSISv2p00_LPC17xx.a(lpc17xx_timer.o)
CLKPWR_GetPCLKSEL                                 C:\Users\Gaston\Documents\MCUXpressoIDE_11.8.0_1165\workspace_With_Drivers\CMSISv2p00_LPC17xx\Debug\libCMSISv2p00_LPC17xx.a(lpc17xx_clkpwr.o)
CLKPWR_PowerDown                                  C:\Users\Gaston\Documents\MCUXpressoIDE_11.8.0_1165\workspace_With_Drivers\CMSISv2p00_LPC17xx\Debug\libCMSISv2p00_LPC17xx.a(lpc17xx_clkpwr.o)
CLKPWR_SetPCLKDiv                                 C:\Users\Gaston\Documents\MCUXpressoIDE_11.8.0_1165\workspace_With_Drivers\CMSISv2p00_LPC17xx\Debug\libCMSISv2p00_LPC17xx.a(lpc17xx_clkpwr.o)
                                                  C:\Users\Gaston\Documents\MCUXpressoIDE_11.8.0_1165\workspace_With_Drivers\CMSISv2p00_LPC17xx\Debug\libCMSISv2p00_LPC17xx.a(lpc17xx_timer.o)
                                                  ./src/main.o
CLKPWR_Sleep                                      C:\Users\Gaston\Documents\MCUXpressoIDE_11.8.0_1165\workspace_With_Drivers\CMSISv2p00_LPC17xx\Debug\libCMSISv2p00_LPC17xx.a(lpc17xx_clkpwr.o)
CRP_WORD                                          ./src/crp.o
DAC_ConfigDAConverterControl                      C:\Users\Gaston\Documents\MCUXpressoIDE_11.8.0_1165\workspace_With_Drivers\CMSISv2p00_LPC17xx\Debug\libCMSISv2p00_LPC17xx.a(lpc17xx_dac.o)
DAC_Init                                          C:\Users\Gaston\Documents\MCUXpressoIDE_11.8.0_1165\workspace_With_Drivers\CMSISv2p00_LPC17xx\Debug\libCMSISv2p00_LPC17xx.a(lpc17xx_dac.o)
                                                  ./src/main.o
DAC_SetBias                                       C:\Users\Gaston\Documents\MCUXpressoIDE_11.8.0_1165\workspace_With_Drivers\CMSISv2p00_LPC17xx\Debug\libCMSISv2p00_LPC17xx.a(lpc17xx_dac.o)
                                                  ./src/main.o
DAC_SetDMATimeOut                                 C:\Users\Gaston\Documents\MCUXpressoIDE_11.8.0_1165\workspace_With_Drivers\CMSISv2p00_LPC17xx\Debug\libCMSISv2p00_LPC17xx.a(lpc17xx_dac.o)
DAC_UpdateValue                                   C:\Users\Gaston\Documents\MCUXpressoIDE_11.8.0_1165\workspace_With_Drivers\CMSISv2p00_LPC17xx\Debug\libCMSISv2p00_LPC17xx.a(lpc17xx_dac.o)
                                                  ./src/main.o
DMA_IRQHandler                                    ./src/cr_startup_lpc175x_6x.o
DebugMon_Handler                                  ./src/cr_startup_lpc175x_6x.o
EINT0_IRQHandler                                  ./src/cr_startup_lpc175x_6x.o
EINT1_IRQHandler                                  ./src/cr_startup_lpc175x_6x.o
EINT2_IRQHandler                                  ./src/cr_startup_lpc175x_6x.o
EINT3_IRQHandler                                  ./src/main.o
                                                  ./src/cr_startup_lpc175x_6x.o
ENET_IRQHandler                                   ./src/cr_startup_lpc175x_6x.o
GPDMA_ChannelCmd                                  C:\Users\Gaston\Documents\MCUXpressoIDE_11.8.0_1165\workspace_With_Drivers\CMSISv2p00_LPC17xx\Debug\libCMSISv2p00_LPC17xx.a(lpc17xx_gpdma.o)
                                                  ./src/main.o
GPDMA_ClearIntPending                             C:\Users\Gaston\Documents\MCUXpressoIDE_11.8.0_1165\workspace_With_Drivers\CMSISv2p00_LPC17xx\Debug\libCMSISv2p00_LPC17xx.a(lpc17xx_gpdma.o)
GPDMA_Init                                        C:\Users\Gaston\Documents\MCUXpressoIDE_11.8.0_1165\workspace_With_Drivers\CMSISv2p00_LPC17xx\Debug\libCMSISv2p00_LPC17xx.a(lpc17xx_gpdma.o)
                                                  ./src/main.o
GPDMA_IntGetStatus                                C:\Users\Gaston\Documents\MCUXpressoIDE_11.8.0_1165\workspace_With_Drivers\CMSISv2p00_LPC17xx\Debug\libCMSISv2p00_LPC17xx.a(lpc17xx_gpdma.o)
GPDMA_LUTPerAddr                                  C:\Users\Gaston\Documents\MCUXpressoIDE_11.8.0_1165\workspace_With_Drivers\CMSISv2p00_LPC17xx\Debug\libCMSISv2p00_LPC17xx.a(lpc17xx_gpdma.o)
GPDMA_LUTPerBurst                                 C:\Users\Gaston\Documents\MCUXpressoIDE_11.8.0_1165\workspace_With_Drivers\CMSISv2p00_LPC17xx\Debug\libCMSISv2p00_LPC17xx.a(lpc17xx_gpdma.o)
GPDMA_LUTPerWid                                   C:\Users\Gaston\Documents\MCUXpressoIDE_11.8.0_1165\workspace_With_Drivers\CMSISv2p00_LPC17xx\Debug\libCMSISv2p00_LPC17xx.a(lpc17xx_gpdma.o)
GPDMA_Setup                                       C:\Users\Gaston\Documents\MCUXpressoIDE_11.8.0_1165\workspace_With_Drivers\CMSISv2p00_LPC17xx\Debug\libCMSISv2p00_LPC17xx.a(lpc17xx_gpdma.o)
                                                  ./src/main.o
HardFault_Handler                                 ./src/cr_startup_lpc175x_6x.o
I2C0_IRQHandler                                   ./src/cr_startup_lpc175x_6x.o
I2C1_IRQHandler                                   ./src/cr_startup_lpc175x_6x.o
I2C2_IRQHandler                                   ./src/cr_startup_lpc175x_6x.o
I2S_IRQHandler                                    ./src/cr_startup_lpc175x_6x.o
IntDefaultHandler                                 ./src/cr_startup_lpc175x_6x.o
LLI                                               ./src/main.o
MCPWM_IRQHandler                                  ./src/cr_startup_lpc175x_6x.o
MemManage_Handler                                 ./src/cr_startup_lpc175x_6x.o
NMI_Handler                                       ./src/cr_startup_lpc175x_6x.o
PINSEL_ConfigPin                                  C:\Users\Gaston\Documents\MCUXpressoIDE_11.8.0_1165\workspace_With_Drivers\CMSISv2p00_LPC17xx\Debug\libCMSISv2p00_LPC17xx.a(lpc17xx_pinsel.o)
                                                  ./src/main.o
PINSEL_ConfigTraceFunc                            C:\Users\Gaston\Documents\MCUXpressoIDE_11.8.0_1165\workspace_With_Drivers\CMSISv2p00_LPC17xx\Debug\libCMSISv2p00_LPC17xx.a(lpc17xx_pinsel.o)
PINSEL_SetI2C0Pins                                C:\Users\Gaston\Documents\MCUXpressoIDE_11.8.0_1165\workspace_With_Drivers\CMSISv2p00_LPC17xx\Debug\libCMSISv2p00_LPC17xx.a(lpc17xx_pinsel.o)
PLL0_IRQHandler                                   ./src/cr_startup_lpc175x_6x.o
PLL1_IRQHandler                                   ./src/cr_startup_lpc175x_6x.o
PWM1_IRQHandler                                   ./src/cr_startup_lpc175x_6x.o
PendSV_Handler                                    ./src/cr_startup_lpc175x_6x.o
PrangoTempMax                                     ./src/main.o
PrangoTempMin                                     ./src/main.o
QEI_IRQHandler                                    ./src/cr_startup_lpc175x_6x.o
RIT_IRQHandler                                    ./src/cr_startup_lpc175x_6x.o
RTC_IRQHandler                                    ./src/cr_startup_lpc175x_6x.o
ResetISR                                          ./src/cr_startup_lpc175x_6x.o
Rx_VALUE                                          ./src/main.o
SPI_IRQHandler                                    ./src/cr_startup_lpc175x_6x.o
SSP0_IRQHandler                                   ./src/cr_startup_lpc175x_6x.o
SSP1_IRQHandler                                   ./src/cr_startup_lpc175x_6x.o
SVC_Handler                                       ./src/cr_startup_lpc175x_6x.o
SysTick_Handler                                   ./src/cr_startup_lpc175x_6x.o
SystemCoreClock                                   C:\Users\Gaston\Documents\MCUXpressoIDE_11.8.0_1165\workspace_With_Drivers\CMSISv2p00_LPC17xx\Debug\libCMSISv2p00_LPC17xx.a(system_LPC17xx.o)
                                                  C:\Users\Gaston\Documents\MCUXpressoIDE_11.8.0_1165\workspace_With_Drivers\CMSISv2p00_LPC17xx\Debug\libCMSISv2p00_LPC17xx.a(lpc17xx_clkpwr.o)
SystemCoreClockUpdate                             C:\Users\Gaston\Documents\MCUXpressoIDE_11.8.0_1165\workspace_With_Drivers\CMSISv2p00_LPC17xx\Debug\libCMSISv2p00_LPC17xx.a(system_LPC17xx.o)
SystemInit                                        C:\Users\Gaston\Documents\MCUXpressoIDE_11.8.0_1165\workspace_With_Drivers\CMSISv2p00_LPC17xx\Debug\libCMSISv2p00_LPC17xx.a(system_LPC17xx.o)
                                                  ./src/cr_startup_lpc175x_6x.o
TIMER0_IRQHandler                                 ./src/main.o
                                                  ./src/cr_startup_lpc175x_6x.o
TIMER1_IRQHandler                                 ./src/cr_startup_lpc175x_6x.o
TIMER2_IRQHandler                                 ./src/cr_startup_lpc175x_6x.o
TIMER3_IRQHandler                                 ./src/cr_startup_lpc175x_6x.o
TIM_ClearIntCapturePending                        C:\Users\Gaston\Documents\MCUXpressoIDE_11.8.0_1165\workspace_With_Drivers\CMSISv2p00_LPC17xx\Debug\libCMSISv2p00_LPC17xx.a(lpc17xx_timer.o)
TIM_ClearIntPending                               C:\Users\Gaston\Documents\MCUXpressoIDE_11.8.0_1165\workspace_With_Drivers\CMSISv2p00_LPC17xx\Debug\libCMSISv2p00_LPC17xx.a(lpc17xx_timer.o)
                                                  ./src/main.o
TIM_Cmd                                           C:\Users\Gaston\Documents\MCUXpressoIDE_11.8.0_1165\workspace_With_Drivers\CMSISv2p00_LPC17xx\Debug\libCMSISv2p00_LPC17xx.a(lpc17xx_timer.o)
                                                  ./src/main.o
TIM_ConfigCapture                                 C:\Users\Gaston\Documents\MCUXpressoIDE_11.8.0_1165\workspace_With_Drivers\CMSISv2p00_LPC17xx\Debug\libCMSISv2p00_LPC17xx.a(lpc17xx_timer.o)
TIM_ConfigMatch                                   C:\Users\Gaston\Documents\MCUXpressoIDE_11.8.0_1165\workspace_With_Drivers\CMSISv2p00_LPC17xx\Debug\libCMSISv2p00_LPC17xx.a(lpc17xx_timer.o)
                                                  ./src/main.o
TIM_ConfigStructInit                              C:\Users\Gaston\Documents\MCUXpressoIDE_11.8.0_1165\workspace_With_Drivers\CMSISv2p00_LPC17xx\Debug\libCMSISv2p00_LPC17xx.a(lpc17xx_timer.o)
TIM_DeInit                                        C:\Users\Gaston\Documents\MCUXpressoIDE_11.8.0_1165\workspace_With_Drivers\CMSISv2p00_LPC17xx\Debug\libCMSISv2p00_LPC17xx.a(lpc17xx_timer.o)
TIM_GetCaptureValue                               C:\Users\Gaston\Documents\MCUXpressoIDE_11.8.0_1165\workspace_With_Drivers\CMSISv2p00_LPC17xx\Debug\libCMSISv2p00_LPC17xx.a(lpc17xx_timer.o)
TIM_GetIntCaptureStatus                           C:\Users\Gaston\Documents\MCUXpressoIDE_11.8.0_1165\workspace_With_Drivers\CMSISv2p00_LPC17xx\Debug\libCMSISv2p00_LPC17xx.a(lpc17xx_timer.o)
TIM_GetIntStatus                                  C:\Users\Gaston\Documents\MCUXpressoIDE_11.8.0_1165\workspace_With_Drivers\CMSISv2p00_LPC17xx\Debug\libCMSISv2p00_LPC17xx.a(lpc17xx_timer.o)
TIM_Init                                          C:\Users\Gaston\Documents\MCUXpressoIDE_11.8.0_1165\workspace_With_Drivers\CMSISv2p00_LPC17xx\Debug\libCMSISv2p00_LPC17xx.a(lpc17xx_timer.o)
TIM_ResetCounter                                  C:\Users\Gaston\Documents\MCUXpressoIDE_11.8.0_1165\workspace_With_Drivers\CMSISv2p00_LPC17xx\Debug\libCMSISv2p00_LPC17xx.a(lpc17xx_timer.o)
                                                  ./src/main.o
TIM_UpdateMatchValue                              C:\Users\Gaston\Documents\MCUXpressoIDE_11.8.0_1165\workspace_With_Drivers\CMSISv2p00_LPC17xx\Debug\libCMSISv2p00_LPC17xx.a(lpc17xx_timer.o)
Tiempo                                            ./src/main.o
UART0_IRQHandler                                  ./src/cr_startup_lpc175x_6x.o
UART1_IRQHandler                                  ./src/cr_startup_lpc175x_6x.o
UART2_IRQHandler                                  ./src/cr_startup_lpc175x_6x.o
UART3_IRQHandler                                  ./src/cr_startup_lpc175x_6x.o
UART_ABClearIntPending                            C:\Users\Gaston\Documents\MCUXpressoIDE_11.8.0_1165\workspace_With_Drivers\CMSISv2p00_LPC17xx\Debug\libCMSISv2p00_LPC17xx.a(lpc17xx_uart.o)
UART_ABCmd                                        C:\Users\Gaston\Documents\MCUXpressoIDE_11.8.0_1165\workspace_With_Drivers\CMSISv2p00_LPC17xx\Debug\libCMSISv2p00_LPC17xx.a(lpc17xx_uart.o)
UART_CheckBusy                                    C:\Users\Gaston\Documents\MCUXpressoIDE_11.8.0_1165\workspace_With_Drivers\CMSISv2p00_LPC17xx\Debug\libCMSISv2p00_LPC17xx.a(lpc17xx_uart.o)
UART_ConfigStructInit                             C:\Users\Gaston\Documents\MCUXpressoIDE_11.8.0_1165\workspace_With_Drivers\CMSISv2p00_LPC17xx\Debug\libCMSISv2p00_LPC17xx.a(lpc17xx_uart.o)
UART_DeInit                                       C:\Users\Gaston\Documents\MCUXpressoIDE_11.8.0_1165\workspace_With_Drivers\CMSISv2p00_LPC17xx\Debug\libCMSISv2p00_LPC17xx.a(lpc17xx_uart.o)
UART_FIFOConfig                                   C:\Users\Gaston\Documents\MCUXpressoIDE_11.8.0_1165\workspace_With_Drivers\CMSISv2p00_LPC17xx\Debug\libCMSISv2p00_LPC17xx.a(lpc17xx_uart.o)
                                                  ./src/main.o
UART_FIFOConfigStructInit                         C:\Users\Gaston\Documents\MCUXpressoIDE_11.8.0_1165\workspace_With_Drivers\CMSISv2p00_LPC17xx\Debug\libCMSISv2p00_LPC17xx.a(lpc17xx_uart.o)
UART_ForceBreak                                   C:\Users\Gaston\Documents\MCUXpressoIDE_11.8.0_1165\workspace_With_Drivers\CMSISv2p00_LPC17xx\Debug\libCMSISv2p00_LPC17xx.a(lpc17xx_uart.o)
UART_FullModemConfigMode                          C:\Users\Gaston\Documents\MCUXpressoIDE_11.8.0_1165\workspace_With_Drivers\CMSISv2p00_LPC17xx\Debug\libCMSISv2p00_LPC17xx.a(lpc17xx_uart.o)
UART_FullModemForcePinState                       C:\Users\Gaston\Documents\MCUXpressoIDE_11.8.0_1165\workspace_With_Drivers\CMSISv2p00_LPC17xx\Debug\libCMSISv2p00_LPC17xx.a(lpc17xx_uart.o)
UART_FullModemGetStatus                           C:\Users\Gaston\Documents\MCUXpressoIDE_11.8.0_1165\workspace_With_Drivers\CMSISv2p00_LPC17xx\Debug\libCMSISv2p00_LPC17xx.a(lpc17xx_uart.o)
UART_GetIntId                                     C:\Users\Gaston\Documents\MCUXpressoIDE_11.8.0_1165\workspace_With_Drivers\CMSISv2p00_LPC17xx\Debug\libCMSISv2p00_LPC17xx.a(lpc17xx_uart.o)
UART_GetLineStatus                                C:\Users\Gaston\Documents\MCUXpressoIDE_11.8.0_1165\workspace_With_Drivers\CMSISv2p00_LPC17xx\Debug\libCMSISv2p00_LPC17xx.a(lpc17xx_uart.o)
UART_Init                                         C:\Users\Gaston\Documents\MCUXpressoIDE_11.8.0_1165\workspace_With_Drivers\CMSISv2p00_LPC17xx\Debug\libCMSISv2p00_LPC17xx.a(lpc17xx_uart.o)
                                                  ./src/main.o
UART_IntConfig                                    C:\Users\Gaston\Documents\MCUXpressoIDE_11.8.0_1165\workspace_With_Drivers\CMSISv2p00_LPC17xx\Debug\libCMSISv2p00_LPC17xx.a(lpc17xx_uart.o)
UART_IrDACmd                                      C:\Users\Gaston\Documents\MCUXpressoIDE_11.8.0_1165\workspace_With_Drivers\CMSISv2p00_LPC17xx\Debug\libCMSISv2p00_LPC17xx.a(lpc17xx_uart.o)
UART_IrDAInvtInputCmd                             C:\Users\Gaston\Documents\MCUXpressoIDE_11.8.0_1165\workspace_With_Drivers\CMSISv2p00_LPC17xx\Debug\libCMSISv2p00_LPC17xx.a(lpc17xx_uart.o)
UART_IrDAPulseDivConfig                           C:\Users\Gaston\Documents\MCUXpressoIDE_11.8.0_1165\workspace_With_Drivers\CMSISv2p00_LPC17xx\Debug\libCMSISv2p00_LPC17xx.a(lpc17xx_uart.o)
UART_RS485Config                                  C:\Users\Gaston\Documents\MCUXpressoIDE_11.8.0_1165\workspace_With_Drivers\CMSISv2p00_LPC17xx\Debug\libCMSISv2p00_LPC17xx.a(lpc17xx_uart.o)
UART_RS485ReceiverCmd                             C:\Users\Gaston\Documents\MCUXpressoIDE_11.8.0_1165\workspace_With_Drivers\CMSISv2p00_LPC17xx\Debug\libCMSISv2p00_LPC17xx.a(lpc17xx_uart.o)
UART_RS485Send                                    C:\Users\Gaston\Documents\MCUXpressoIDE_11.8.0_1165\workspace_With_Drivers\CMSISv2p00_LPC17xx\Debug\libCMSISv2p00_LPC17xx.a(lpc17xx_uart.o)
UART_RS485SendData                                C:\Users\Gaston\Documents\MCUXpressoIDE_11.8.0_1165\workspace_With_Drivers\CMSISv2p00_LPC17xx\Debug\libCMSISv2p00_LPC17xx.a(lpc17xx_uart.o)
UART_RS485SendSlvAddr                             C:\Users\Gaston\Documents\MCUXpressoIDE_11.8.0_1165\workspace_With_Drivers\CMSISv2p00_LPC17xx\Debug\libCMSISv2p00_LPC17xx.a(lpc17xx_uart.o)
UART_Receive                                      C:\Users\Gaston\Documents\MCUXpressoIDE_11.8.0_1165\workspace_With_Drivers\CMSISv2p00_LPC17xx\Debug\libCMSISv2p00_LPC17xx.a(lpc17xx_uart.o)
UART_ReceiveByte                                  C:\Users\Gaston\Documents\MCUXpressoIDE_11.8.0_1165\workspace_With_Drivers\CMSISv2p00_LPC17xx\Debug\libCMSISv2p00_LPC17xx.a(lpc17xx_uart.o)
                                                  ./src/main.o
UART_Send                                         C:\Users\Gaston\Documents\MCUXpressoIDE_11.8.0_1165\workspace_With_Drivers\CMSISv2p00_LPC17xx\Debug\libCMSISv2p00_LPC17xx.a(lpc17xx_uart.o)
UART_SendByte                                     C:\Users\Gaston\Documents\MCUXpressoIDE_11.8.0_1165\workspace_With_Drivers\CMSISv2p00_LPC17xx\Debug\libCMSISv2p00_LPC17xx.a(lpc17xx_uart.o)
UART_TxCmd                                        C:\Users\Gaston\Documents\MCUXpressoIDE_11.8.0_1165\workspace_With_Drivers\CMSISv2p00_LPC17xx\Debug\libCMSISv2p00_LPC17xx.a(lpc17xx_uart.o)
                                                  ./src/main.o
USBActivity_IRQHandler                            ./src/cr_startup_lpc175x_6x.o
USB_IRQHandler                                    ./src/cr_startup_lpc175x_6x.o
UsageFault_Handler                                ./src/cr_startup_lpc175x_6x.o
WDT_IRQHandler                                    ./src/cr_startup_lpc175x_6x.o
__aeabi_cdcmpeq                                   c:/nxp/mcuxpressoide_11.8.0_1165/ide/plugins/com.nxp.mcuxpresso.tools.win32_11.8.0.202306131047/tools/bin/../lib/gcc/arm-none-eabi/12.2.1/thumb/v7-m/nofp\libcr_eabihelpers.a(double.o)
__aeabi_cdcmple                                   c:/nxp/mcuxpressoide_11.8.0_1165/ide/plugins/com.nxp.mcuxpresso.tools.win32_11.8.0.202306131047/tools/bin/../lib/gcc/arm-none-eabi/12.2.1/thumb/v7-m/nofp\libcr_eabihelpers.a(double.o)
__aeabi_cdrcmple                                  c:/nxp/mcuxpressoide_11.8.0_1165/ide/plugins/com.nxp.mcuxpresso.tools.win32_11.8.0.202306131047/tools/bin/../lib/gcc/arm-none-eabi/12.2.1/thumb/v7-m/nofp\libcr_eabihelpers.a(double.o)
__aeabi_cfcmpeq                                   c:/nxp/mcuxpressoide_11.8.0_1165/ide/plugins/com.nxp.mcuxpresso.tools.win32_11.8.0.202306131047/tools/bin/../lib/gcc/arm-none-eabi/12.2.1/thumb/v7-m/nofp\libcr_eabihelpers.a(float.o)
__aeabi_cfcmple                                   c:/nxp/mcuxpressoide_11.8.0_1165/ide/plugins/com.nxp.mcuxpresso.tools.win32_11.8.0.202306131047/tools/bin/../lib/gcc/arm-none-eabi/12.2.1/thumb/v7-m/nofp\libcr_eabihelpers.a(float.o)
__aeabi_cfrcmple                                  c:/nxp/mcuxpressoide_11.8.0_1165/ide/plugins/com.nxp.mcuxpresso.tools.win32_11.8.0.202306131047/tools/bin/../lib/gcc/arm-none-eabi/12.2.1/thumb/v7-m/nofp\libcr_eabihelpers.a(float.o)
__aeabi_d2f                                       c:/nxp/mcuxpressoide_11.8.0_1165/ide/plugins/com.nxp.mcuxpresso.tools.win32_11.8.0.202306131047/tools/bin/../lib/gcc/arm-none-eabi/12.2.1/thumb/v7-m/nofp\libcr_eabihelpers.a(double.o)
                                                  ./src/main.o
__aeabi_d2iz                                      c:/nxp/mcuxpressoide_11.8.0_1165/ide/plugins/com.nxp.mcuxpresso.tools.win32_11.8.0.202306131047/tools/bin/../lib/gcc/arm-none-eabi/12.2.1/thumb/v7-m/nofp\libcr_eabihelpers.a(double.o)
__aeabi_d2lz                                      c:/nxp/mcuxpressoide_11.8.0_1165/ide/plugins/com.nxp.mcuxpresso.tools.win32_11.8.0.202306131047/tools/bin/../lib/gcc/arm-none-eabi/12.2.1/thumb/v7-m/nofp\libcr_eabihelpers.a(double.o)
__aeabi_d2uiz                                     c:/nxp/mcuxpressoide_11.8.0_1165/ide/plugins/com.nxp.mcuxpresso.tools.win32_11.8.0.202306131047/tools/bin/../lib/gcc/arm-none-eabi/12.2.1/thumb/v7-m/nofp\libcr_eabihelpers.a(double.o)
__aeabi_d2ulz                                     c:/nxp/mcuxpressoide_11.8.0_1165/ide/plugins/com.nxp.mcuxpresso.tools.win32_11.8.0.202306131047/tools/bin/../lib/gcc/arm-none-eabi/12.2.1/thumb/v7-m/nofp\libcr_eabihelpers.a(double.o)
__aeabi_dadd                                      c:/nxp/mcuxpressoide_11.8.0_1165/ide/plugins/com.nxp.mcuxpresso.tools.win32_11.8.0.202306131047/tools/bin/../lib/gcc/arm-none-eabi/12.2.1/thumb/v7-m/nofp\libcr_eabihelpers.a(double.o)
__aeabi_dcmpeq                                    c:/nxp/mcuxpressoide_11.8.0_1165/ide/plugins/com.nxp.mcuxpresso.tools.win32_11.8.0.202306131047/tools/bin/../lib/gcc/arm-none-eabi/12.2.1/thumb/v7-m/nofp\libcr_eabihelpers.a(double.o)
__aeabi_dcmpge                                    c:/nxp/mcuxpressoide_11.8.0_1165/ide/plugins/com.nxp.mcuxpresso.tools.win32_11.8.0.202306131047/tools/bin/../lib/gcc/arm-none-eabi/12.2.1/thumb/v7-m/nofp\libcr_eabihelpers.a(double.o)
__aeabi_dcmpgt                                    c:/nxp/mcuxpressoide_11.8.0_1165/ide/plugins/com.nxp.mcuxpresso.tools.win32_11.8.0.202306131047/tools/bin/../lib/gcc/arm-none-eabi/12.2.1/thumb/v7-m/nofp\libcr_eabihelpers.a(double.o)
                                                  ./src/main.o
__aeabi_dcmple                                    c:/nxp/mcuxpressoide_11.8.0_1165/ide/plugins/com.nxp.mcuxpresso.tools.win32_11.8.0.202306131047/tools/bin/../lib/gcc/arm-none-eabi/12.2.1/thumb/v7-m/nofp\libcr_eabihelpers.a(double.o)
__aeabi_dcmplt                                    c:/nxp/mcuxpressoide_11.8.0_1165/ide/plugins/com.nxp.mcuxpresso.tools.win32_11.8.0.202306131047/tools/bin/../lib/gcc/arm-none-eabi/12.2.1/thumb/v7-m/nofp\libcr_eabihelpers.a(double.o)
                                                  ./src/main.o
__aeabi_dcmpun                                    c:/nxp/mcuxpressoide_11.8.0_1165/ide/plugins/com.nxp.mcuxpresso.tools.win32_11.8.0.202306131047/tools/bin/../lib/gcc/arm-none-eabi/12.2.1/thumb/v7-m/nofp\libcr_eabihelpers.a(double.o)
__aeabi_ddiv                                      c:/nxp/mcuxpressoide_11.8.0_1165/ide/plugins/com.nxp.mcuxpresso.tools.win32_11.8.0.202306131047/tools/bin/../lib/gcc/arm-none-eabi/12.2.1/thumb/v7-m/nofp\libcr_eabihelpers.a(double.o)
                                                  ./src/main.o
__aeabi_dmul                                      c:/nxp/mcuxpressoide_11.8.0_1165/ide/plugins/com.nxp.mcuxpresso.tools.win32_11.8.0.202306131047/tools/bin/../lib/gcc/arm-none-eabi/12.2.1/thumb/v7-m/nofp\libcr_eabihelpers.a(double.o)
                                                  ./src/main.o
__aeabi_dneg                                      c:/nxp/mcuxpressoide_11.8.0_1165/ide/plugins/com.nxp.mcuxpresso.tools.win32_11.8.0.202306131047/tools/bin/../lib/gcc/arm-none-eabi/12.2.1/thumb/v7-m/nofp\libcr_eabihelpers.a(double.o)
__aeabi_drsub                                     c:/nxp/mcuxpressoide_11.8.0_1165/ide/plugins/com.nxp.mcuxpresso.tools.win32_11.8.0.202306131047/tools/bin/../lib/gcc/arm-none-eabi/12.2.1/thumb/v7-m/nofp\libcr_eabihelpers.a(double.o)
__aeabi_dsub                                      c:/nxp/mcuxpressoide_11.8.0_1165/ide/plugins/com.nxp.mcuxpresso.tools.win32_11.8.0.202306131047/tools/bin/../lib/gcc/arm-none-eabi/12.2.1/thumb/v7-m/nofp\libcr_eabihelpers.a(double.o)
                                                  ./src/main.o
__aeabi_f2d                                       c:/nxp/mcuxpressoide_11.8.0_1165/ide/plugins/com.nxp.mcuxpresso.tools.win32_11.8.0.202306131047/tools/bin/../lib/gcc/arm-none-eabi/12.2.1/thumb/v7-m/nofp\libcr_eabihelpers.a(float.o)
                                                  ./src/main.o
__aeabi_f2iz                                      c:/nxp/mcuxpressoide_11.8.0_1165/ide/plugins/com.nxp.mcuxpresso.tools.win32_11.8.0.202306131047/tools/bin/../lib/gcc/arm-none-eabi/12.2.1/thumb/v7-m/nofp\libcr_eabihelpers.a(float.o)
__aeabi_f2lz                                      c:/nxp/mcuxpressoide_11.8.0_1165/ide/plugins/com.nxp.mcuxpresso.tools.win32_11.8.0.202306131047/tools/bin/../lib/gcc/arm-none-eabi/12.2.1/thumb/v7-m/nofp\libcr_eabihelpers.a(float.o)
__aeabi_f2uiz                                     c:/nxp/mcuxpressoide_11.8.0_1165/ide/plugins/com.nxp.mcuxpresso.tools.win32_11.8.0.202306131047/tools/bin/../lib/gcc/arm-none-eabi/12.2.1/thumb/v7-m/nofp\libcr_eabihelpers.a(float.o)
                                                  ./src/main.o
__aeabi_f2ulz                                     c:/nxp/mcuxpressoide_11.8.0_1165/ide/plugins/com.nxp.mcuxpresso.tools.win32_11.8.0.202306131047/tools/bin/../lib/gcc/arm-none-eabi/12.2.1/thumb/v7-m/nofp\libcr_eabihelpers.a(float.o)
__aeabi_fadd                                      c:/nxp/mcuxpressoide_11.8.0_1165/ide/plugins/com.nxp.mcuxpresso.tools.win32_11.8.0.202306131047/tools/bin/../lib/gcc/arm-none-eabi/12.2.1/thumb/v7-m/nofp\libcr_eabihelpers.a(float.o)
__aeabi_fcmpeq                                    c:/nxp/mcuxpressoide_11.8.0_1165/ide/plugins/com.nxp.mcuxpresso.tools.win32_11.8.0.202306131047/tools/bin/../lib/gcc/arm-none-eabi/12.2.1/thumb/v7-m/nofp\libcr_eabihelpers.a(float.o)
__aeabi_fcmpge                                    c:/nxp/mcuxpressoide_11.8.0_1165/ide/plugins/com.nxp.mcuxpresso.tools.win32_11.8.0.202306131047/tools/bin/../lib/gcc/arm-none-eabi/12.2.1/thumb/v7-m/nofp\libcr_eabihelpers.a(float.o)
__aeabi_fcmpgt                                    c:/nxp/mcuxpressoide_11.8.0_1165/ide/plugins/com.nxp.mcuxpresso.tools.win32_11.8.0.202306131047/tools/bin/../lib/gcc/arm-none-eabi/12.2.1/thumb/v7-m/nofp\libcr_eabihelpers.a(float.o)
                                                  ./src/main.o
__aeabi_fcmple                                    c:/nxp/mcuxpressoide_11.8.0_1165/ide/plugins/com.nxp.mcuxpresso.tools.win32_11.8.0.202306131047/tools/bin/../lib/gcc/arm-none-eabi/12.2.1/thumb/v7-m/nofp\libcr_eabihelpers.a(float.o)
__aeabi_fcmplt                                    c:/nxp/mcuxpressoide_11.8.0_1165/ide/plugins/com.nxp.mcuxpresso.tools.win32_11.8.0.202306131047/tools/bin/../lib/gcc/arm-none-eabi/12.2.1/thumb/v7-m/nofp\libcr_eabihelpers.a(float.o)
                                                  ./src/main.o
__aeabi_fcmpun                                    c:/nxp/mcuxpressoide_11.8.0_1165/ide/plugins/com.nxp.mcuxpresso.tools.win32_11.8.0.202306131047/tools/bin/../lib/gcc/arm-none-eabi/12.2.1/thumb/v7-m/nofp\libcr_eabihelpers.a(float.o)
__aeabi_fdiv                                      c:/nxp/mcuxpressoide_11.8.0_1165/ide/plugins/com.nxp.mcuxpresso.tools.win32_11.8.0.202306131047/tools/bin/../lib/gcc/arm-none-eabi/12.2.1/thumb/v7-m/nofp\libcr_eabihelpers.a(float.o)
__aeabi_fmul                                      c:/nxp/mcuxpressoide_11.8.0_1165/ide/plugins/com.nxp.mcuxpresso.tools.win32_11.8.0.202306131047/tools/bin/../lib/gcc/arm-none-eabi/12.2.1/thumb/v7-m/nofp\libcr_eabihelpers.a(float.o)
__aeabi_fneg                                      c:/nxp/mcuxpressoide_11.8.0_1165/ide/plugins/com.nxp.mcuxpresso.tools.win32_11.8.0.202306131047/tools/bin/../lib/gcc/arm-none-eabi/12.2.1/thumb/v7-m/nofp\libcr_eabihelpers.a(float.o)
__aeabi_frsub                                     c:/nxp/mcuxpressoide_11.8.0_1165/ide/plugins/com.nxp.mcuxpresso.tools.win32_11.8.0.202306131047/tools/bin/../lib/gcc/arm-none-eabi/12.2.1/thumb/v7-m/nofp\libcr_eabihelpers.a(float.o)
__aeabi_fsub                                      c:/nxp/mcuxpressoide_11.8.0_1165/ide/plugins/com.nxp.mcuxpresso.tools.win32_11.8.0.202306131047/tools/bin/../lib/gcc/arm-none-eabi/12.2.1/thumb/v7-m/nofp\libcr_eabihelpers.a(float.o)
__aeabi_i2d                                       c:/nxp/mcuxpressoide_11.8.0_1165/ide/plugins/com.nxp.mcuxpresso.tools.win32_11.8.0.202306131047/tools/bin/../lib/gcc/arm-none-eabi/12.2.1/thumb/v7-m/nofp\libcr_eabihelpers.a(double.o)
__aeabi_i2f                                       c:/nxp/mcuxpressoide_11.8.0_1165/ide/plugins/com.nxp.mcuxpresso.tools.win32_11.8.0.202306131047/tools/bin/../lib/gcc/arm-none-eabi/12.2.1/thumb/v7-m/nofp\libcr_eabihelpers.a(float.o)
                                                  ./src/main.o
__aeabi_idiv0                                     c:/nxp/mcuxpressoide_11.8.0_1165/ide/plugins/com.nxp.mcuxpresso.tools.win32_11.8.0.202306131047/tools/bin/../lib/gcc/arm-none-eabi/12.2.1/thumb/v7-m/nofp\libcr_eabihelpers.a(division_idiv0.o)
                                                  c:/nxp/mcuxpressoide_11.8.0_1165/ide/plugins/com.nxp.mcuxpresso.tools.win32_11.8.0.202306131047/tools/bin/../lib/gcc/arm-none-eabi/12.2.1/thumb/v7-m/nofp\libcr_eabihelpers.a(division_64.o)
__aeabi_l2d                                       c:/nxp/mcuxpressoide_11.8.0_1165/ide/plugins/com.nxp.mcuxpresso.tools.win32_11.8.0.202306131047/tools/bin/../lib/gcc/arm-none-eabi/12.2.1/thumb/v7-m/nofp\libcr_eabihelpers.a(double.o)
__aeabi_l2f                                       c:/nxp/mcuxpressoide_11.8.0_1165/ide/plugins/com.nxp.mcuxpresso.tools.win32_11.8.0.202306131047/tools/bin/../lib/gcc/arm-none-eabi/12.2.1/thumb/v7-m/nofp\libcr_eabihelpers.a(float.o)
__aeabi_ldivmod                                   c:/nxp/mcuxpressoide_11.8.0_1165/ide/plugins/com.nxp.mcuxpresso.tools.win32_11.8.0.202306131047/tools/bin/../lib/gcc/arm-none-eabi/12.2.1/thumb/v7-m/nofp\libcr_eabihelpers.a(division_64.o)
                                                  C:\Users\Gaston\Documents\MCUXpressoIDE_11.8.0_1165\workspace_With_Drivers\CMSISv2p00_LPC17xx\Debug\libCMSISv2p00_LPC17xx.a(system_LPC17xx.o)
__aeabi_ui2d                                      c:/nxp/mcuxpressoide_11.8.0_1165/ide/plugins/com.nxp.mcuxpresso.tools.win32_11.8.0.202306131047/tools/bin/../lib/gcc/arm-none-eabi/12.2.1/thumb/v7-m/nofp\libcr_eabihelpers.a(double.o)
                                                  ./src/main.o
__aeabi_ui2f                                      c:/nxp/mcuxpressoide_11.8.0_1165/ide/plugins/com.nxp.mcuxpresso.tools.win32_11.8.0.202306131047/tools/bin/../lib/gcc/arm-none-eabi/12.2.1/thumb/v7-m/nofp\libcr_eabihelpers.a(float.o)
__aeabi_ul2d                                      c:/nxp/mcuxpressoide_11.8.0_1165/ide/plugins/com.nxp.mcuxpresso.tools.win32_11.8.0.202306131047/tools/bin/../lib/gcc/arm-none-eabi/12.2.1/thumb/v7-m/nofp\libcr_eabihelpers.a(double.o)
__aeabi_ul2f                                      c:/nxp/mcuxpressoide_11.8.0_1165/ide/plugins/com.nxp.mcuxpresso.tools.win32_11.8.0.202306131047/tools/bin/../lib/gcc/arm-none-eabi/12.2.1/thumb/v7-m/nofp\libcr_eabihelpers.a(float.o)
__aeabi_uldivmod                                  c:/nxp/mcuxpressoide_11.8.0_1165/ide/plugins/com.nxp.mcuxpresso.tools.win32_11.8.0.202306131047/tools/bin/../lib/gcc/arm-none-eabi/12.2.1/thumb/v7-m/nofp\libcr_eabihelpers.a(division_64.o)
                                                  C:\Users\Gaston\Documents\MCUXpressoIDE_11.8.0_1165\workspace_With_Drivers\CMSISv2p00_LPC17xx\Debug\libCMSISv2p00_LPC17xx.a(lpc17xx_timer.o)
                                                  C:\Users\Gaston\Documents\MCUXpressoIDE_11.8.0_1165\workspace_With_Drivers\CMSISv2p00_LPC17xx\Debug\libCMSISv2p00_LPC17xx.a(system_LPC17xx.o)
__bhs_ldivmod1                                    c:/nxp/mcuxpressoide_11.8.0_1165/ide/plugins/com.nxp.mcuxpresso.tools.win32_11.8.0.202306131047/tools/bin/../lib/gcc/arm-none-eabi/12.2.1/thumb/v7-m/nofp\libcr_eabihelpers.a(division_64.o)
__bhs_ui2d                                        c:/nxp/mcuxpressoide_11.8.0_1165/ide/plugins/com.nxp.mcuxpresso.tools.win32_11.8.0.202306131047/tools/bin/../lib/gcc/arm-none-eabi/12.2.1/thumb/v7-m/nofp\libcr_eabihelpers.a(double.o)
__bhs_ui2f                                        c:/nxp/mcuxpressoide_11.8.0_1165/ide/plugins/com.nxp.mcuxpresso.tools.win32_11.8.0.202306131047/tools/bin/../lib/gcc/arm-none-eabi/12.2.1/thumb/v7-m/nofp\libcr_eabihelpers.a(float.o)
__bhs_ul2d                                        c:/nxp/mcuxpressoide_11.8.0_1165/ide/plugins/com.nxp.mcuxpresso.tools.win32_11.8.0.202306131047/tools/bin/../lib/gcc/arm-none-eabi/12.2.1/thumb/v7-m/nofp\libcr_eabihelpers.a(double.o)
__bhs_ul2f                                        c:/nxp/mcuxpressoide_11.8.0_1165/ide/plugins/com.nxp.mcuxpresso.tools.win32_11.8.0.202306131047/tools/bin/../lib/gcc/arm-none-eabi/12.2.1/thumb/v7-m/nofp\libcr_eabihelpers.a(float.o)
__bss_section_table_end                           ./src/cr_startup_lpc175x_6x.o
__data_section_table                              ./src/cr_startup_lpc175x_6x.o
__data_section_table_end                          ./src/cr_startup_lpc175x_6x.o
__main                                            c:/nxp/mcuxpressoide_11.8.0_1165/ide/plugins/com.nxp.mcuxpresso.tools.win32_11.8.0.202306131047/tools/bin/../lib/gcc/arm-none-eabi/12.2.1/../../../../arm-none-eabi/lib/thumb/v7-m/nofp\libcr_c.a(__weak__main.o)
                                                  ./src/cr_startup_lpc175x_6x.o
__valid_user_code_checksum                        ./src/cr_startup_lpc175x_6x.o
__weak_main                                       c:/nxp/mcuxpressoide_11.8.0_1165/ide/plugins/com.nxp.mcuxpresso.tools.win32_11.8.0.202306131047/tools/bin/../lib/gcc/arm-none-eabi/12.2.1/../../../../arm-none-eabi/lib/thumb/v7-m/nofp\libcr_c.a(__weak__main.o)
_vStackTop                                        ./src/cr_startup_lpc175x_6x.o
adcv                                              ./src/main.o
bss_init                                          ./src/cr_startup_lpc175x_6x.o
check_failed                                      C:\Users\Gaston\Documents\MCUXpressoIDE_11.8.0_1165\workspace_With_Drivers\CMSISv2p00_LPC17xx\Debug\libCMSISv2p00_LPC17xx.a(lpc17xx_libcfg_default.o)
                                                  C:\Users\Gaston\Documents\MCUXpressoIDE_11.8.0_1165\workspace_With_Drivers\CMSISv2p00_LPC17xx\Debug\libCMSISv2p00_LPC17xx.a(lpc17xx_uart.o)
                                                  C:\Users\Gaston\Documents\MCUXpressoIDE_11.8.0_1165\workspace_With_Drivers\CMSISv2p00_LPC17xx\Debug\libCMSISv2p00_LPC17xx.a(lpc17xx_timer.o)
                                                  C:\Users\Gaston\Documents\MCUXpressoIDE_11.8.0_1165\workspace_With_Drivers\CMSISv2p00_LPC17xx\Debug\libCMSISv2p00_LPC17xx.a(lpc17xx_gpdma.o)
                                                  C:\Users\Gaston\Documents\MCUXpressoIDE_11.8.0_1165\workspace_With_Drivers\CMSISv2p00_LPC17xx\Debug\libCMSISv2p00_LPC17xx.a(lpc17xx_dac.o)
configADC                                         ./src/main.o
configDAC                                         ./src/main.o
configDMA                                         ./src/main.o
configPin                                         ./src/main.o
configTimer                                       ./src/main.o
configUART                                        ./src/main.o
controlTemp                                       ./src/main.o
dac                                               ./src/main.o
data_init                                         ./src/cr_startup_lpc175x_6x.o
escritura                                         ./src/LCD.o
g_pfnVectors                                      ./src/cr_startup_lpc175x_6x.o
j                                                 ./src/main.o
lcdClear                                          ./src/LCD.o
lcdConfigCompleta                                 ./src/LCD.o
                                                  ./src/main.o
lcdDataSend                                       ./src/LCD.o
                                                  ./src/main.o
lcdDelay                                          ./src/LCD.o
lcdDisable                                        ./src/LCD.o
lcdEntryMode                                      ./src/LCD.o
lcdGpioConf                                       ./src/LCD.o
lcdInit                                           ./src/LCD.o
lcdPinCtrl                                        ./src/LCD.o
lcdSET                                            ./src/LCD.o
lcdShow                                           ./src/LCD.o
lcdShow2                                          ./src/LCD.o
ldcEnable                                         ./src/LCD.o
ldcEnableDisable                                  ./src/LCD.o
main                                              ./src/main.o
                                                  c:/nxp/mcuxpressoide_11.8.0_1165/ide/plugins/com.nxp.mcuxpresso.tools.win32_11.8.0.202306131047/tools/bin/../lib/gcc/arm-none-eabi/12.2.1/../../../../arm-none-eabi/lib/thumb/v7-m/nofp\libcr_c.a(__weak__main.o)
noEscritura                                       ./src/LCD.o
pGPDMACh                                          C:\Users\Gaston\Documents\MCUXpressoIDE_11.8.0_1165\workspace_With_Drivers\CMSISv2p00_LPC17xx\Debug\libCMSISv2p00_LPC17xx.a(lpc17xx_gpdma.o)
pinMatch                                          ./src/main.o
rangoTemp                                         ./src/main.o
temperature                                       ./src/main.o
temperatureToInt                                  ./src/main.o
volts                                             ./src/main.o
