../src/LCD.c:60:6:lcdDataSend	24	static
../src/LCD.c:109:6:lcdPinCtrl	4	static
../src/LCD.c:113:6:lcdConfigCompleta	8	static
../src/LCD.c:123:6:escritura	4	static
../src/LCD.c:127:6:noEscritura	4	static
../src/LCD.c:131:6:lcdShow2	8	static
../src/LCD.c:139:6:lcdEntryMode	8	static
../src/LCD.c:149:6:lcdClear	8	static
../src/LCD.c:158:6:lcdShow	8	static
../src/LCD.c:172:6:lcdSET	8	static
../src/LCD.c:193:6:lcdInit	8	static
../src/LCD.c:213:6:ldcEnable	4	static
../src/LCD.c:216:6:lcdDisable	4	static
../src/LCD.c:220:6:ldcEnableDisable	8	static
../src/LCD.c:227:6:lcdGpioConf	16	static
../src/LCD.c:237:6:lcdDelay	24	static
